08-27 20:19:31.878 39977 39977 I Listen: tcp://localhost:4800
08-27 20:19:31.879 39977 39977 I Server workers: 8
08-27 20:19:31.879 39977 39977 I Interval between reconnections: 5
08-27 20:19:31.879 39977 39977 I Start keeplives after: 5 seconds
08-27 20:19:31.879 39977 39977 I Number of keepalives before death: 10
08-27 20:19:31.879 39977 39977 I Interval between keepalives: 5 seconds
08-27 20:19:31.879 39977 39977 I Storage path: ./data
08-27 20:19:31.879 39977 39977 I Storage shared buffers size: 33554432
08-27 20:19:31.879 39977 39977 I Storage maximum size: 4294967296
08-27 20:19:31.879 39977 39977 I Ebus workers: 4
08-27 20:19:31.879 39977 39977 I Ebus queues: 4
08-27 20:19:31.879 39977 39977 I Committer workers: 4
08-27 20:19:31.879 39977 39977 I Committer queues: 4
08-27 20:19:31.879 39977 39977 I Committer batch size: 32
08-27 20:19:31.879 39977 39977 I Datasync workers: 4
08-27 20:19:31.879 39977 39977 I Datasync queues: 4
08-27 20:19:31.879 39977 39977 I Datasync batch size: 32
08-27 20:19:31.879 39977 39977 I Fetcher workers: 4
08-27 20:19:31.879 39977 39977 I Fetcher queues: 4
08-27 20:19:31.879 39977 39977 I Fetcher batch size: 32
08-27 20:19:31.879 39977 39977 I Fetcher VM stack: 64
08-27 20:19:31.879 39977 39977 I Fetcher inactive views lifetime: 30 seconds
08-27 20:19:31.879 39977 39977 I Log level: verbose
08-27 20:19:31.884 39977 39977 E Unable to open the LMDB database: 'MDB_NOTFOUND: No matching key/data pair found' (-30798)
08-27 20:19:31.898 39977 39977 I New thread started: 0x7f8c319ff6c0
08-27 20:19:31.909 39977 39977 I New thread started: 0x7f8c318fe6c0
08-27 20:19:31.920 39977 39977 I New thread started: 0x7f8c317fd6c0
08-27 20:19:31.931 39977 39977 I New thread started: 0x7f8c316fc6c0
08-27 20:19:31.935 39977 39977 I Number of peers synchronizers is: 0
08-27 20:19:31.945 39977 39977 I New thread started: 0x7f8c311ff6c0
08-27 20:19:31.956 39977 39977 I New thread started: 0x7f8c310fe6c0
08-27 20:19:31.967 39977 39977 I New thread started: 0x7f8c30ffd6c0
08-27 20:19:31.978 39977 39977 I New thread started: 0x7f8c30efc6c0
08-27 20:19:31.989 39977 39977 I New thread started: 0x7f8c30dfb6c0
08-27 20:19:32.000 39977 39977 I New thread started: 0x7f8c30cfa6c0
08-27 20:19:32.011 39977 39977 I New thread started: 0x7f8c30bf96c0
08-27 20:19:32.022 39977 39977 I New thread started: 0x7f8c30af86c0
08-27 20:19:32.033 39977 39977 I New thread started: 0x7f8c309f76c0
08-27 20:19:32.044 39977 39977 I New thread started: 0x7f8c308f66c0
08-27 20:19:32.055 39977 39977 I New thread started: 0x7f8c307f56c0
08-27 20:19:32.066 39977 39977 I New thread started: 0x7f8c306f46c0
08-27 20:19:32.077 39977 39977 I New thread started: 0x7f8c305f36c0
08-27 20:19:32.088 39977 39977 I New thread started: 0x7f8c304f26c0
08-27 20:19:32.099 39977 39977 I New thread started: 0x7f8c303f16c0
08-27 20:19:32.110 39977 39977 I New thread started: 0x7f8c302f06c0
08-27 20:19:32.121 39977 39977 I New thread started: 0x7f8c301ef6c0
08-27 20:19:32.132 39977 39977 I New thread started: 0x7f8c300ee6c0
08-27 20:19:32.144 39977 39977 I New thread started: 0x7f8c2ffed6c0
08-27 20:19:32.154 39977 39977 I New thread started: 0x7f8c2feec6c0
08-27 20:19:32.154 39977 39977 I Storage version: 1
08-27 20:19:32.154 39977 39977 I Node UUID: 0B26EFB7AD1A4B17A57A727FA5773BE7
08-27 20:19:32.154 39977 39977 I Service is starting...
08-27 20:19:41.832 39977 40001 I New connection with 'tcp://127.0.0.1:52460' successfully registered
08-27 20:19:41.933 39977 40001 I DEBUG: mdv_read_msg start, fd=40, msg=0x7f8c28000f30
08-27 20:19:41.933 39977 40001 I DEBUG: Header read - id=3, number=0, size=90
08-27 20:19:41.933 39977 40001 I DEBUG: Allocated payload 0x7f8c28001670 for size 90
08-27 20:19:41.973 39977 40001 I DEBUG: mdv_read_msg start, fd=40, msg=0x7f8c28000f30
08-27 20:19:41.973 39977 40001 I DEBUG: Message read complete - id=3, size=90, payload=0x7f8c28001670
08-27 20:19:41.973 39977 40001 I DEBUG: Message received - id=3, number=0, size=90, payload=0x7f8c28001670
08-27 20:19:41.973 39977 40001 I DEBUG: Calling handler for message id=3
08-27 20:19:41.973 39977 40001 I <<<<< 'CREATE TABLE'
08-27 20:19:41.973 39977 40001 I DEBUG: msg=0x7f8c28000f30, payload=0x7f8c28001670, size=90
08-27 20:19:41.974 39977 40001 I DEBUG: binn_load successful
08-27 20:19:41.977 39977 40001 I New table '316D99B8283C48F0BF585B562223990D' is created
08-27 20:19:41.978 39977 40001 I >>>>> 'TABLE INFO'
08-27 20:19:41.978 39977 40001 I DEBUG: Handler returned err=1 (Operation successfully completed)
08-27 20:19:41.979 39977 40001 I DEBUG: mdv_read_msg start, fd=40, msg=0x7f8c28000f30
08-27 20:19:41.979 39977 40001 I DEBUG: Header read - id=9, number=1, size=273
08-27 20:19:41.979 39977 40001 I DEBUG: Allocated payload 0x7f8c2801d280 for size 273
08-27 20:19:42.020 39977 40001 I DEBUG: mdv_read_msg start, fd=40, msg=0x7f8c28000f30
08-27 20:19:42.020 39977 40001 I DEBUG: Message read complete - id=9, size=273, payload=0x7f8c2801d280
08-27 20:19:42.020 39977 40001 I DEBUG: Message received - id=9, number=1, size=273, payload=0x7f8c2801d280
08-27 20:19:42.020 39977 40001 I DEBUG: Calling handler for message id=9
08-27 20:19:42.020 39977 40001 I <<<<< 'INSERT INTO'
08-27 20:19:42.020 39977 40001 I DEBUG: msg=0x7f8c28000f30, payload=0x7f8c2801d280, size=273
08-27 20:19:42.020 39977 40001 I DEBUG: binn_load successful
08-27 20:19:42.020 39977 40001 I DEBUG: unbinn_insert_into start, obj=0x7f8c2ffec8d0, msg=0x7f8c2ffec8b0
08-27 20:19:42.020 39977 40001 I DEBUG: unbinn_insert_into success, table=f0483c28b8996d310d992322565b58bf, rows=0x7f8c2801d2a0
08-27 20:19:42.020 39977 40001 I DEBUG: TABLESPACE - log_rowset: rowset_len=10, rowset_size=241, rowset=0x7f8c2801d2a0
08-27 20:19:42.025 39977 40001 I >>>>> 'STATUS'
08-27 20:19:42.025 39977 40001 I DEBUG: Handler returned err=1 (Operation successfully completed)
08-27 20:19:42.026 39977 39990 I DEBUG: TRLOG_APPLY - Loaded rowset: len=10, size=241, id=0, node_id=0
08-27 20:19:42.026 39977 39990 I DEBUG: TRLOG_APPLY - Calling mdv_rowdata_add_raw_rowset with rowid.node=0, rowid.id=0
08-27 20:19:42.026 39977 39990 I DEBUG: Individual insert - rowid=0, size=27, copied_ptr=0x7f8c1c000b70, orig_ptr=0x7f8c1c003fee
08-27 20:19:42.028 39977 39990 I DEBUG: Individual insert - rowid=1, size=20, copied_ptr=0x7f8c1c000c30, orig_ptr=0x7f8c1c004009
08-27 20:19:42.030 39977 39990 I DEBUG: Individual insert - rowid=2, size=27, copied_ptr=0x7f8c1c000b70, orig_ptr=0x7f8c1c00401d
08-27 20:19:42.032 39977 39990 I DEBUG: Individual insert - rowid=3, size=20, copied_ptr=0x7f8c1c005110, orig_ptr=0x7f8c1c004038
08-27 20:19:42.033 39977 39990 I DEBUG: Individual insert - rowid=4, size=27, copied_ptr=0x7f8c1c000b70, orig_ptr=0x7f8c1c00404c
08-27 20:19:42.035 39977 39990 I DEBUG: Individual insert - rowid=5, size=20, copied_ptr=0x7f8c1c001f70, orig_ptr=0x7f8c1c004067
08-27 20:19:42.036 39977 39990 I DEBUG: Individual insert - rowid=6, size=27, copied_ptr=0x7f8c1c000b70, orig_ptr=0x7f8c1c00407b
08-27 20:19:42.038 39977 39990 I DEBUG: Individual insert - rowid=7, size=20, copied_ptr=0x7f8c1c000c30, orig_ptr=0x7f8c1c004096
08-27 20:19:42.039 39977 39990 I DEBUG: Individual insert - rowid=8, size=27, copied_ptr=0x7f8c1c000b70, orig_ptr=0x7f8c1c0040aa
08-27 20:19:42.040 39977 39990 I DEBUG: Individual insert - rowid=9, size=20, copied_ptr=0x7f8c1c005110, orig_ptr=0x7f8c1c0040c5
08-27 20:19:42.068 39977 40001 I DEBUG: mdv_read_msg start, fd=40, msg=0x7f8c28000f30
08-27 20:19:42.068 39977 40001 I DEBUG: Header read - id=9, number=2, size=273
08-27 20:19:42.068 39977 40001 I DEBUG: Allocated payload 0x7f8c2801d280 for size 273
08-27 20:19:42.109 39977 40001 I DEBUG: mdv_read_msg start, fd=40, msg=0x7f8c28000f30
08-27 20:19:42.109 39977 40001 I DEBUG: Message read complete - id=9, size=273, payload=0x7f8c2801d280
08-27 20:19:42.109 39977 40001 I DEBUG: Message received - id=9, number=2, size=273, payload=0x7f8c2801d280
08-27 20:19:42.109 39977 40001 I DEBUG: Calling handler for message id=9
08-27 20:19:42.109 39977 40001 I <<<<< 'INSERT INTO'
08-27 20:19:42.109 39977 40001 I DEBUG: msg=0x7f8c28000f30, payload=0x7f8c2801d280, size=273
08-27 20:19:42.109 39977 40001 I DEBUG: binn_load successful
08-27 20:19:42.109 39977 40001 I DEBUG: unbinn_insert_into start, obj=0x7f8c2ffec8d0, msg=0x7f8c2ffec8b0
08-27 20:19:42.109 39977 40001 I DEBUG: unbinn_insert_into success, table=f0483c28b8996d310d992322565b58bf, rows=0x7f8c2801d2a0
08-27 20:19:42.109 39977 40001 I DEBUG: TABLESPACE - log_rowset: rowset_len=10, rowset_size=241, rowset=0x7f8c2801d2a0
08-27 20:19:42.113 39977 40001 I >>>>> 'STATUS'
08-27 20:19:42.113 39977 40001 I DEBUG: Handler returned err=1 (Operation successfully completed)
08-27 20:19:42.114 39977 39990 I DEBUG: TRLOG_APPLY - Loaded rowset: len=10, size=241, id=10, node_id=0
08-27 20:19:42.114 39977 39990 I DEBUG: TRLOG_APPLY - Calling mdv_rowdata_add_raw_rowset with rowid.node=0, rowid.id=10
08-27 20:19:42.114 39977 39990 I DEBUG: Individual insert - rowid=10, size=27, copied_ptr=0x7f8c20000ba0, orig_ptr=0x7f8c1c003fee
08-27 20:19:42.115 39977 39990 I DEBUG: Individual insert - rowid=11, size=20, copied_ptr=0x7f8c1c001f70, orig_ptr=0x7f8c1c004009
08-27 20:19:42.117 39977 39990 I DEBUG: Individual insert - rowid=12, size=27, copied_ptr=0x7f8c20000ba0, orig_ptr=0x7f8c1c00401d
08-27 20:19:42.118 39977 39990 I DEBUG: Individual insert - rowid=13, size=20, copied_ptr=0x7f8c1c000c30, orig_ptr=0x7f8c1c004038
08-27 20:19:42.119 39977 39990 I DEBUG: Individual insert - rowid=14, size=27, copied_ptr=0x7f8c20000ba0, orig_ptr=0x7f8c1c00404c
08-27 20:19:42.120 39977 39990 I DEBUG: Individual insert - rowid=15, size=20, copied_ptr=0x7f8c1c005110, orig_ptr=0x7f8c1c004067
08-27 20:19:42.121 39977 39990 I DEBUG: Individual insert - rowid=16, size=27, copied_ptr=0x7f8c20000ba0, orig_ptr=0x7f8c1c00407b
08-27 20:19:42.123 39977 39990 I DEBUG: Individual insert - rowid=17, size=20, copied_ptr=0x7f8c1c001f70, orig_ptr=0x7f8c1c004096
08-27 20:19:42.124 39977 39990 I DEBUG: Individual insert - rowid=18, size=27, copied_ptr=0x7f8c20000ba0, orig_ptr=0x7f8c1c0040aa
08-27 20:19:42.125 39977 39990 I DEBUG: Individual insert - rowid=19, size=20, copied_ptr=0x7f8c1c000c30, orig_ptr=0x7f8c1c0040c5
08-27 20:19:42.155 39977 40001 I DEBUG: mdv_read_msg start, fd=40, msg=0x7f8c28000f30
08-27 20:19:42.155 39977 40001 I DEBUG: Header read - id=9, number=3, size=273
08-27 20:19:42.155 39977 40001 I DEBUG: Allocated payload 0x7f8c2801d280 for size 273
08-27 20:19:42.196 39977 40001 I DEBUG: mdv_read_msg start, fd=40, msg=0x7f8c28000f30
08-27 20:19:42.196 39977 40001 I DEBUG: Message read complete - id=9, size=273, payload=0x7f8c2801d280
08-27 20:19:42.196 39977 40001 I DEBUG: Message received - id=9, number=3, size=273, payload=0x7f8c2801d280
08-27 20:19:42.196 39977 40001 I DEBUG: Calling handler for message id=9
08-27 20:19:42.196 39977 40001 I <<<<< 'INSERT INTO'
08-27 20:19:42.196 39977 40001 I DEBUG: msg=0x7f8c28000f30, payload=0x7f8c2801d280, size=273
08-27 20:19:42.196 39977 40001 I DEBUG: binn_load successful
08-27 20:19:42.196 39977 40001 I DEBUG: unbinn_insert_into start, obj=0x7f8c2ffec8d0, msg=0x7f8c2ffec8b0
08-27 20:19:42.196 39977 40001 I DEBUG: unbinn_insert_into success, table=f0483c28b8996d310d992322565b58bf, rows=0x7f8c2801d2a0
08-27 20:19:42.196 39977 40001 I DEBUG: TABLESPACE - log_rowset: rowset_len=10, rowset_size=241, rowset=0x7f8c2801d2a0
08-27 20:19:42.200 39977 40001 I >>>>> 'STATUS'
08-27 20:19:42.200 39977 40001 I DEBUG: Handler returned err=1 (Operation successfully completed)
08-27 20:19:42.200 39977 39990 I DEBUG: TRLOG_APPLY - Loaded rowset: len=10, size=241, id=20, node_id=0
08-27 20:19:42.200 39977 39990 I DEBUG: TRLOG_APPLY - Calling mdv_rowdata_add_raw_rowset with rowid.node=0, rowid.id=20
08-27 20:19:42.200 39977 39990 I DEBUG: Individual insert - rowid=20, size=27, copied_ptr=0x7f8c2801d250, orig_ptr=0x7f8c1c003fee
08-27 20:19:42.202 39977 39990 I DEBUG: Individual insert - rowid=21, size=20, copied_ptr=0x7f8c1c005110, orig_ptr=0x7f8c1c004009
08-27 20:19:42.203 39977 39990 I DEBUG: Individual insert - rowid=22, size=27, copied_ptr=0x7f8c2801d250, orig_ptr=0x7f8c1c00401d
08-27 20:19:42.205 39977 39990 I DEBUG: Individual insert - rowid=23, size=20, copied_ptr=0x7f8c1c001f70, orig_ptr=0x7f8c1c004038
08-27 20:19:42.206 39977 39990 I DEBUG: Individual insert - rowid=24, size=27, copied_ptr=0x7f8c2801d250, orig_ptr=0x7f8c1c00404c
08-27 20:19:42.208 39977 39990 I DEBUG: Individual insert - rowid=25, size=20, copied_ptr=0x7f8c1c000c30, orig_ptr=0x7f8c1c004067
08-27 20:19:42.209 39977 39990 I DEBUG: Individual insert - rowid=26, size=27, copied_ptr=0x7f8c2801d250, orig_ptr=0x7f8c1c00407b
08-27 20:19:42.210 39977 39990 I DEBUG: Individual insert - rowid=27, size=20, copied_ptr=0x7f8c1c005110, orig_ptr=0x7f8c1c004096
08-27 20:19:42.212 39977 39990 I DEBUG: Individual insert - rowid=28, size=27, copied_ptr=0x7f8c2801d250, orig_ptr=0x7f8c1c0040aa
08-27 20:19:42.213 39977 39990 I DEBUG: Individual insert - rowid=29, size=20, copied_ptr=0x7f8c1c001f70, orig_ptr=0x7f8c1c0040c5
08-27 20:19:42.242 39977 40001 I DEBUG: mdv_read_msg start, fd=40, msg=0x7f8c28000f30
08-27 20:19:42.242 39977 40001 I DEBUG: Header read - id=9, number=4, size=273
08-27 20:19:42.242 39977 40001 I DEBUG: Allocated payload 0x7f8c2801d280 for size 273
08-27 20:19:42.283 39977 40001 I DEBUG: mdv_read_msg start, fd=40, msg=0x7f8c28000f30
08-27 20:19:42.283 39977 40001 I DEBUG: Message read complete - id=9, size=273, payload=0x7f8c2801d280
08-27 20:19:42.283 39977 40001 I DEBUG: Message received - id=9, number=4, size=273, payload=0x7f8c2801d280
08-27 20:19:42.283 39977 40001 I DEBUG: Calling handler for message id=9
08-27 20:19:42.283 39977 40001 I <<<<< 'INSERT INTO'
08-27 20:19:42.283 39977 40001 I DEBUG: msg=0x7f8c28000f30, payload=0x7f8c2801d280, size=273
08-27 20:19:42.283 39977 40001 I DEBUG: binn_load successful
08-27 20:19:42.283 39977 40001 I DEBUG: unbinn_insert_into start, obj=0x7f8c2ffec8d0, msg=0x7f8c2ffec8b0
08-27 20:19:42.283 39977 40001 I DEBUG: unbinn_insert_into success, table=f0483c28b8996d310d992322565b58bf, rows=0x7f8c2801d2a0
08-27 20:19:42.283 39977 40001 I DEBUG: TABLESPACE - log_rowset: rowset_len=10, rowset_size=241, rowset=0x7f8c2801d2a0
08-27 20:19:42.286 39977 40001 I >>>>> 'STATUS'
08-27 20:19:42.286 39977 40001 I DEBUG: Handler returned err=1 (Operation successfully completed)
08-27 20:19:42.287 39977 39990 I DEBUG: TRLOG_APPLY - Loaded rowset: len=10, size=241, id=30, node_id=0
08-27 20:19:42.287 39977 39990 I DEBUG: TRLOG_APPLY - Calling mdv_rowdata_add_raw_rowset with rowid.node=0, rowid.id=30
08-27 20:19:42.287 39977 39990 I DEBUG: Individual insert - rowid=30, size=27, copied_ptr=0x7f8c14000b70, orig_ptr=0x7f8c1c003fee
08-27 20:19:42.289 39977 39990 I DEBUG: Individual insert - rowid=31, size=20, copied_ptr=0x7f8c1c000c30, orig_ptr=0x7f8c1c004009
08-27 20:19:42.290 39977 39990 I DEBUG: Individual insert - rowid=32, size=27, copied_ptr=0x7f8c14000b70, orig_ptr=0x7f8c1c00401d
08-27 20:19:42.291 39977 39990 I DEBUG: Individual insert - rowid=33, size=20, copied_ptr=0x7f8c1c005110, orig_ptr=0x7f8c1c004038
08-27 20:19:42.292 39977 39990 I DEBUG: Individual insert - rowid=34, size=27, copied_ptr=0x7f8c14000b70, orig_ptr=0x7f8c1c00404c
08-27 20:19:42.294 39977 39990 I DEBUG: Individual insert - rowid=35, size=20, copied_ptr=0x7f8c1c001f70, orig_ptr=0x7f8c1c004067
08-27 20:19:42.298 39977 39990 I DEBUG: Individual insert - rowid=36, size=27, copied_ptr=0x7f8c14000b70, orig_ptr=0x7f8c1c00407b
08-27 20:19:42.299 39977 39990 I DEBUG: Individual insert - rowid=37, size=20, copied_ptr=0x7f8c1c000c30, orig_ptr=0x7f8c1c004096
08-27 20:19:42.301 39977 39990 I DEBUG: Individual insert - rowid=38, size=27, copied_ptr=0x7f8c14000b70, orig_ptr=0x7f8c1c0040aa
08-27 20:19:42.302 39977 39990 I DEBUG: Individual insert - rowid=39, size=20, copied_ptr=0x7f8c1c005110, orig_ptr=0x7f8c1c0040c5
08-27 20:19:42.329 39977 40001 I DEBUG: mdv_read_msg start, fd=40, msg=0x7f8c28000f30
08-27 20:19:42.329 39977 40001 I DEBUG: Header read - id=9, number=5, size=273
08-27 20:19:42.329 39977 40001 I DEBUG: Allocated payload 0x7f8c2801d280 for size 273
08-27 20:19:42.369 39977 40001 I DEBUG: mdv_read_msg start, fd=40, msg=0x7f8c28000f30
08-27 20:19:42.370 39977 40001 I DEBUG: Message read complete - id=9, size=273, payload=0x7f8c2801d280
08-27 20:19:42.370 39977 40001 I DEBUG: Message received - id=9, number=5, size=273, payload=0x7f8c2801d280
08-27 20:19:42.370 39977 40001 I DEBUG: Calling handler for message id=9
08-27 20:19:42.370 39977 40001 I <<<<< 'INSERT INTO'
08-27 20:19:42.370 39977 40001 I DEBUG: msg=0x7f8c28000f30, payload=0x7f8c2801d280, size=273
08-27 20:19:42.370 39977 40001 I DEBUG: binn_load successful
08-27 20:19:42.370 39977 40001 I DEBUG: unbinn_insert_into start, obj=0x7f8c2ffec8d0, msg=0x7f8c2ffec8b0
08-27 20:19:42.370 39977 40001 I DEBUG: unbinn_insert_into success, table=f0483c28b8996d310d992322565b58bf, rows=0x7f8c2801d2a0
08-27 20:19:42.370 39977 40001 I DEBUG: TABLESPACE - log_rowset: rowset_len=10, rowset_size=241, rowset=0x7f8c2801d2a0
08-27 20:19:42.374 39977 40001 I >>>>> 'STATUS'
08-27 20:19:42.374 39977 40001 I DEBUG: Handler returned err=1 (Operation successfully completed)
08-27 20:19:42.374 39977 39990 I DEBUG: TRLOG_APPLY - Loaded rowset: len=10, size=241, id=40, node_id=0
08-27 20:19:42.374 39977 39990 I DEBUG: TRLOG_APPLY - Calling mdv_rowdata_add_raw_rowset with rowid.node=0, rowid.id=40
08-27 20:19:42.374 39977 39990 I DEBUG: Individual insert - rowid=40, size=27, copied_ptr=0x7f8c28038b40, orig_ptr=0x7f8c1c003fee
08-27 20:19:42.376 39977 39990 I DEBUG: Individual insert - rowid=41, size=20, copied_ptr=0x7f8c1c001f70, orig_ptr=0x7f8c1c004009
08-27 20:19:42.377 39977 39990 I DEBUG: Individual insert - rowid=42, size=27, copied_ptr=0x7f8c28038b40, orig_ptr=0x7f8c1c00401d
08-27 20:19:42.379 39977 39990 I DEBUG: Individual insert - rowid=43, size=20, copied_ptr=0x7f8c1c000c30, orig_ptr=0x7f8c1c004038
08-27 20:19:42.380 39977 39990 I DEBUG: Individual insert - rowid=44, size=27, copied_ptr=0x7f8c28038b40, orig_ptr=0x7f8c1c00404c
08-27 20:19:42.381 39977 39990 I DEBUG: Individual insert - rowid=45, size=20, copied_ptr=0x7f8c1c005110, orig_ptr=0x7f8c1c004067
08-27 20:19:42.383 39977 39990 I DEBUG: Individual insert - rowid=46, size=27, copied_ptr=0x7f8c28038b40, orig_ptr=0x7f8c1c00407b
08-27 20:19:42.384 39977 39990 I DEBUG: Individual insert - rowid=47, size=20, copied_ptr=0x7f8c1c001f70, orig_ptr=0x7f8c1c004096
08-27 20:19:42.385 39977 39990 I DEBUG: Individual insert - rowid=48, size=27, copied_ptr=0x7f8c28038b40, orig_ptr=0x7f8c1c0040aa
08-27 20:19:42.387 39977 39990 I DEBUG: Individual insert - rowid=49, size=20, copied_ptr=0x7f8c1c000c30, orig_ptr=0x7f8c1c0040c5
08-27 20:19:42.416 39977 40001 I DEBUG: mdv_read_msg start, fd=40, msg=0x7f8c28000f30
08-27 20:19:42.416 39977 40001 I DEBUG: Header read - id=9, number=6, size=273
08-27 20:19:42.416 39977 40001 I DEBUG: Allocated payload 0x7f8c2801d280 for size 273
08-27 20:19:42.457 39977 40001 I DEBUG: mdv_read_msg start, fd=40, msg=0x7f8c28000f30
08-27 20:19:42.457 39977 40001 I DEBUG: Message read complete - id=9, size=273, payload=0x7f8c2801d280
08-27 20:19:42.457 39977 40001 I DEBUG: Message received - id=9, number=6, size=273, payload=0x7f8c2801d280
08-27 20:19:42.457 39977 40001 I DEBUG: Calling handler for message id=9
08-27 20:19:42.457 39977 40001 I <<<<< 'INSERT INTO'
08-27 20:19:42.457 39977 40001 I DEBUG: msg=0x7f8c28000f30, payload=0x7f8c2801d280, size=273
08-27 20:19:42.457 39977 40001 I DEBUG: binn_load successful
08-27 20:19:42.457 39977 40001 I DEBUG: unbinn_insert_into start, obj=0x7f8c2ffec8d0, msg=0x7f8c2ffec8b0
08-27 20:19:42.457 39977 40001 I DEBUG: unbinn_insert_into success, table=f0483c28b8996d310d992322565b58bf, rows=0x7f8c2801d2a0
08-27 20:19:42.457 39977 40001 I DEBUG: TABLESPACE - log_rowset: rowset_len=10, rowset_size=241, rowset=0x7f8c2801d2a0
08-27 20:19:42.461 39977 40001 I >>>>> 'STATUS'
08-27 20:19:42.461 39977 40001 I DEBUG: Handler returned err=1 (Operation successfully completed)
08-27 20:19:42.462 39977 39990 I DEBUG: TRLOG_APPLY - Loaded rowset: len=10, size=241, id=50, node_id=0
08-27 20:19:42.462 39977 39990 I DEBUG: TRLOG_APPLY - Calling mdv_rowdata_add_raw_rowset with rowid.node=0, rowid.id=50
08-27 20:19:42.462 39977 39990 I DEBUG: Individual insert - rowid=50, size=27, copied_ptr=0x7f8c28038b40, orig_ptr=0x7f8c1c003fee
08-27 20:19:42.463 39977 39990 I DEBUG: Individual insert - rowid=51, size=20, copied_ptr=0x7f8c1c005110, orig_ptr=0x7f8c1c004009
08-27 20:19:42.465 39977 39990 I DEBUG: Individual insert - rowid=52, size=27, copied_ptr=0x7f8c28038b40, orig_ptr=0x7f8c1c00401d
08-27 20:19:42.466 39977 39990 I DEBUG: Individual insert - rowid=53, size=20, copied_ptr=0x7f8c1c001f70, orig_ptr=0x7f8c1c004038
08-27 20:19:42.467 39977 39990 I DEBUG: Individual insert - rowid=54, size=27, copied_ptr=0x7f8c28038b40, orig_ptr=0x7f8c1c00404c
08-27 20:19:42.468 39977 39990 I DEBUG: Individual insert - rowid=55, size=20, copied_ptr=0x7f8c1c000c30, orig_ptr=0x7f8c1c004067
08-27 20:19:42.469 39977 39990 I DEBUG: Individual insert - rowid=56, size=27, copied_ptr=0x7f8c28038b40, orig_ptr=0x7f8c1c00407b
08-27 20:19:42.471 39977 39990 I DEBUG: Individual insert - rowid=57, size=20, copied_ptr=0x7f8c1c005110, orig_ptr=0x7f8c1c004096
08-27 20:19:42.472 39977 39990 I DEBUG: Individual insert - rowid=58, size=27, copied_ptr=0x7f8c28038b40, orig_ptr=0x7f8c1c0040aa
08-27 20:19:42.473 39977 39990 I DEBUG: Individual insert - rowid=59, size=20, copied_ptr=0x7f8c1c001f70, orig_ptr=0x7f8c1c0040c5
08-27 20:19:42.503 39977 40001 I DEBUG: mdv_read_msg start, fd=40, msg=0x7f8c28000f30
08-27 20:19:42.503 39977 40001 I DEBUG: Header read - id=9, number=7, size=83
08-27 20:19:42.503 39977 40001 I DEBUG: Allocated payload 0x7f8c28038c00 for size 83
08-27 20:19:42.544 39977 40001 I DEBUG: mdv_read_msg start, fd=40, msg=0x7f8c28000f30
08-27 20:19:42.544 39977 40001 I DEBUG: Message read complete - id=9, size=83, payload=0x7f8c28038c00
08-27 20:19:42.544 39977 40001 I DEBUG: Message received - id=9, number=7, size=83, payload=0x7f8c28038c00
08-27 20:19:42.544 39977 40001 I DEBUG: Calling handler for message id=9
08-27 20:19:42.544 39977 40001 I <<<<< 'INSERT INTO'
08-27 20:19:42.544 39977 40001 I DEBUG: msg=0x7f8c28000f30, payload=0x7f8c28038c00, size=83
08-27 20:19:42.544 39977 40001 I DEBUG: binn_load successful
08-27 20:19:42.544 39977 40001 I DEBUG: unbinn_insert_into start, obj=0x7f8c2ffec8d0, msg=0x7f8c2ffec8b0
08-27 20:19:42.544 39977 40001 I DEBUG: unbinn_insert_into success, table=f0483c28b8996d310d992322565b58bf, rows=0x7f8c28038c1d
08-27 20:19:42.544 39977 40001 I DEBUG: TABLESPACE - log_rowset: rowset_len=2, rowset_size=54, rowset=0x7f8c28038c1d
08-27 20:19:42.548 39977 40001 I >>>>> 'STATUS'
08-27 20:19:42.548 39977 40001 I DEBUG: Handler returned err=1 (Operation successfully completed)
08-27 20:19:42.548 39977 39990 I DEBUG: TRLOG_APPLY - Loaded rowset: len=2, size=54, id=60, node_id=0
08-27 20:19:42.548 39977 39990 I DEBUG: TRLOG_APPLY - Calling mdv_rowdata_add_raw_rowset with rowid.node=0, rowid.id=60
08-27 20:19:42.548 39977 39990 I DEBUG: Individual insert - rowid=60, size=31, copied_ptr=0x7f8c28038b40, orig_ptr=0x7f8c1c00519b
08-27 20:19:42.550 39977 39990 I DEBUG: Individual insert - rowid=61, size=20, copied_ptr=0x7f8c1c000c30, orig_ptr=0x7f8c1c0051ba
08-27 20:19:42.589 39977 40001 I DEBUG: mdv_read_msg start, fd=40, msg=0x7f8c28000f30
08-27 20:19:42.589 39977 40001 I DEBUG: Header read - id=9, number=8, size=83
08-27 20:19:42.589 39977 40001 I DEBUG: Allocated payload 0x7f8c28038c00 for size 83
08-27 20:19:42.630 39977 40001 I DEBUG: mdv_read_msg start, fd=40, msg=0x7f8c28000f30
08-27 20:19:42.630 39977 40001 I DEBUG: Message read complete - id=9, size=83, payload=0x7f8c28038c00
08-27 20:19:42.630 39977 40001 I DEBUG: Message received - id=9, number=8, size=83, payload=0x7f8c28038c00
08-27 20:19:42.630 39977 40001 I DEBUG: Calling handler for message id=9
08-27 20:19:42.630 39977 40001 I <<<<< 'INSERT INTO'
08-27 20:19:42.630 39977 40001 I DEBUG: msg=0x7f8c28000f30, payload=0x7f8c28038c00, size=83
08-27 20:19:42.630 39977 40001 I DEBUG: binn_load successful
08-27 20:19:42.630 39977 40001 I DEBUG: unbinn_insert_into start, obj=0x7f8c2ffec8d0, msg=0x7f8c2ffec8b0
08-27 20:19:42.630 39977 40001 I DEBUG: unbinn_insert_into success, table=f0483c28b8996d310d992322565b58bf, rows=0x7f8c28038c1d
08-27 20:19:42.630 39977 40001 I DEBUG: TABLESPACE - log_rowset: rowset_len=2, rowset_size=54, rowset=0x7f8c28038c1d
08-27 20:19:42.633 39977 40001 I >>>>> 'STATUS'
08-27 20:19:42.633 39977 40001 I DEBUG: Handler returned err=1 (Operation successfully completed)
08-27 20:19:42.633 39977 39990 I DEBUG: TRLOG_APPLY - Loaded rowset: len=2, size=54, id=62, node_id=0
08-27 20:19:42.633 39977 39990 I DEBUG: TRLOG_APPLY - Calling mdv_rowdata_add_raw_rowset with rowid.node=0, rowid.id=62
08-27 20:19:42.633 39977 39990 I DEBUG: Individual insert - rowid=62, size=31, copied_ptr=0x7f8c28038b40, orig_ptr=0x7f8c1c000bdb
08-27 20:19:42.635 39977 39990 I DEBUG: Individual insert - rowid=63, size=20, copied_ptr=0x7f8c1c005110, orig_ptr=0x7f8c1c000bfa
08-27 20:19:42.675 39977 40001 I DEBUG: mdv_read_msg start, fd=40, msg=0x7f8c28000f30
08-27 20:19:42.675 39977 40001 I DEBUG: Header read - id=9, number=9, size=83
08-27 20:19:42.676 39977 40001 I DEBUG: Allocated payload 0x7f8c28038c00 for size 83
08-27 20:19:42.716 39977 40001 I DEBUG: mdv_read_msg start, fd=40, msg=0x7f8c28000f30
08-27 20:19:42.716 39977 40001 I DEBUG: Message read complete - id=9, size=83, payload=0x7f8c28038c00
08-27 20:19:42.716 39977 40001 I DEBUG: Message received - id=9, number=9, size=83, payload=0x7f8c28038c00
08-27 20:19:42.716 39977 40001 I DEBUG: Calling handler for message id=9
08-27 20:19:42.716 39977 40001 I <<<<< 'INSERT INTO'
08-27 20:19:42.716 39977 40001 I DEBUG: msg=0x7f8c28000f30, payload=0x7f8c28038c00, size=83
08-27 20:19:42.716 39977 40001 I DEBUG: binn_load successful
08-27 20:19:42.716 39977 40001 I DEBUG: unbinn_insert_into start, obj=0x7f8c2ffec8d0, msg=0x7f8c2ffec8b0
08-27 20:19:42.716 39977 40001 I DEBUG: unbinn_insert_into success, table=f0483c28b8996d310d992322565b58bf, rows=0x7f8c28038c1d
08-27 20:19:42.716 39977 40001 I DEBUG: TABLESPACE - log_rowset: rowset_len=2, rowset_size=54, rowset=0x7f8c28038c1d
08-27 20:19:42.720 39977 40001 I >>>>> 'STATUS'
08-27 20:19:42.720 39977 40001 I DEBUG: Handler returned err=1 (Operation successfully completed)
08-27 20:19:42.720 39977 39990 I DEBUG: TRLOG_APPLY - Loaded rowset: len=2, size=54, id=64, node_id=0
08-27 20:19:42.720 39977 39990 I DEBUG: TRLOG_APPLY - Calling mdv_rowdata_add_raw_rowset with rowid.node=0, rowid.id=64
08-27 20:19:42.720 39977 39990 I DEBUG: Individual insert - rowid=64, size=31, copied_ptr=0x7f8c28038b40, orig_ptr=0x7f8c1c00519b
08-27 20:19:42.722 39977 39990 I DEBUG: Individual insert - rowid=65, size=20, copied_ptr=0x7f8c1c001f70, orig_ptr=0x7f8c1c0051ba
08-27 20:19:42.761 39977 40001 I DEBUG: mdv_read_msg start, fd=40, msg=0x7f8c28000f30
08-27 20:19:42.762 39977 40001 I DEBUG: Header read - id=9, number=10, size=83
08-27 20:19:42.762 39977 40001 I DEBUG: Allocated payload 0x7f8c28038c00 for size 83
08-27 20:19:42.802 39977 40001 I DEBUG: mdv_read_msg start, fd=40, msg=0x7f8c28000f30
08-27 20:19:42.803 39977 40001 I DEBUG: Message read complete - id=9, size=83, payload=0x7f8c28038c00
08-27 20:19:42.803 39977 40001 I DEBUG: Message received - id=9, number=10, size=83, payload=0x7f8c28038c00
08-27 20:19:42.803 39977 40001 I DEBUG: Calling handler for message id=9
08-27 20:19:42.803 39977 40001 I <<<<< 'INSERT INTO'
08-27 20:19:42.803 39977 40001 I DEBUG: msg=0x7f8c28000f30, payload=0x7f8c28038c00, size=83
08-27 20:19:42.803 39977 40001 I DEBUG: binn_load successful
08-27 20:19:42.803 39977 40001 I DEBUG: unbinn_insert_into start, obj=0x7f8c2ffec8d0, msg=0x7f8c2ffec8b0
08-27 20:19:42.803 39977 40001 I DEBUG: unbinn_insert_into success, table=f0483c28b8996d310d992322565b58bf, rows=0x7f8c28038c1d
08-27 20:19:42.803 39977 40001 I DEBUG: TABLESPACE - log_rowset: rowset_len=2, rowset_size=54, rowset=0x7f8c28038c1d
08-27 20:19:42.806 39977 40001 I >>>>> 'STATUS'
08-27 20:19:42.806 39977 40001 I DEBUG: Handler returned err=1 (Operation successfully completed)
08-27 20:19:42.806 39977 39990 I DEBUG: TRLOG_APPLY - Loaded rowset: len=2, size=54, id=66, node_id=0
08-27 20:19:42.806 39977 39990 I DEBUG: TRLOG_APPLY - Calling mdv_rowdata_add_raw_rowset with rowid.node=0, rowid.id=66
08-27 20:19:42.806 39977 39990 I DEBUG: Individual insert - rowid=66, size=31, copied_ptr=0x7f8c28038b40, orig_ptr=0x7f8c1c000bdb
08-27 20:19:42.807 39977 39990 I DEBUG: Individual insert - rowid=67, size=20, copied_ptr=0x7f8c1c000c30, orig_ptr=0x7f8c1c000bfa
08-27 20:19:42.847 39977 40001 I DEBUG: mdv_read_msg start, fd=40, msg=0x7f8c28000f30
08-27 20:19:42.847 39977 40001 I DEBUG: Header read - id=9, number=11, size=83
08-27 20:19:42.847 39977 40001 I DEBUG: Allocated payload 0x7f8c28038c00 for size 83
08-27 20:19:42.887 39977 40001 I DEBUG: mdv_read_msg start, fd=40, msg=0x7f8c28000f30
08-27 20:19:42.888 39977 40001 I DEBUG: Message read complete - id=9, size=83, payload=0x7f8c28038c00
08-27 20:19:42.888 39977 40001 I DEBUG: Message received - id=9, number=11, size=83, payload=0x7f8c28038c00
08-27 20:19:42.888 39977 40001 I DEBUG: Calling handler for message id=9
08-27 20:19:42.888 39977 40001 I <<<<< 'INSERT INTO'
08-27 20:19:42.888 39977 40001 I DEBUG: msg=0x7f8c28000f30, payload=0x7f8c28038c00, size=83
08-27 20:19:42.888 39977 40001 I DEBUG: binn_load successful
08-27 20:19:42.888 39977 40001 I DEBUG: unbinn_insert_into start, obj=0x7f8c2ffec8d0, msg=0x7f8c2ffec8b0
08-27 20:19:42.888 39977 40001 I DEBUG: unbinn_insert_into success, table=f0483c28b8996d310d992322565b58bf, rows=0x7f8c28038c1d
08-27 20:19:42.888 39977 40001 I DEBUG: TABLESPACE - log_rowset: rowset_len=2, rowset_size=54, rowset=0x7f8c28038c1d
08-27 20:19:42.892 39977 40001 I >>>>> 'STATUS'
08-27 20:19:42.892 39977 40001 I DEBUG: Handler returned err=1 (Operation successfully completed)
08-27 20:19:42.892 39977 39990 I DEBUG: TRLOG_APPLY - Loaded rowset: len=2, size=54, id=68, node_id=0
08-27 20:19:42.892 39977 39990 I DEBUG: TRLOG_APPLY - Calling mdv_rowdata_add_raw_rowset with rowid.node=0, rowid.id=68
08-27 20:19:42.892 39977 39990 I DEBUG: Individual insert - rowid=68, size=31, copied_ptr=0x7f8c28038b40, orig_ptr=0x7f8c1c00519b
08-27 20:19:42.894 39977 39990 I DEBUG: Individual insert - rowid=69, size=20, copied_ptr=0x7f8c1c005110, orig_ptr=0x7f8c1c0051ba
08-27 20:19:42.934 39977 40001 I DEBUG: mdv_read_msg start, fd=40, msg=0x7f8c28000f30
08-27 20:19:42.935 39977 40001 I DEBUG: Header read - id=9, number=12, size=83
08-27 20:19:42.935 39977 40001 I DEBUG: Allocated payload 0x7f8c28038c00 for size 83
08-27 20:19:42.975 39977 40001 I DEBUG: mdv_read_msg start, fd=40, msg=0x7f8c28000f30
08-27 20:19:42.976 39977 40001 I DEBUG: Message read complete - id=9, size=83, payload=0x7f8c28038c00
08-27 20:19:42.976 39977 40001 I DEBUG: Message received - id=9, number=12, size=83, payload=0x7f8c28038c00
08-27 20:19:42.976 39977 40001 I DEBUG: Calling handler for message id=9
08-27 20:19:42.976 39977 40001 I <<<<< 'INSERT INTO'
08-27 20:19:42.976 39977 40001 I DEBUG: msg=0x7f8c28000f30, payload=0x7f8c28038c00, size=83
08-27 20:19:42.976 39977 40001 I DEBUG: binn_load successful
08-27 20:19:42.976 39977 40001 I DEBUG: unbinn_insert_into start, obj=0x7f8c2ffec8d0, msg=0x7f8c2ffec8b0
08-27 20:19:42.976 39977 40001 I DEBUG: unbinn_insert_into success, table=f0483c28b8996d310d992322565b58bf, rows=0x7f8c28038c1d
08-27 20:19:42.976 39977 40001 I DEBUG: TABLESPACE - log_rowset: rowset_len=2, rowset_size=54, rowset=0x7f8c28038c1d
08-27 20:19:42.979 39977 40001 I >>>>> 'STATUS'
08-27 20:19:42.979 39977 40001 I DEBUG: Handler returned err=1 (Operation successfully completed)
08-27 20:19:42.980 39977 39990 I DEBUG: TRLOG_APPLY - Loaded rowset: len=2, size=54, id=70, node_id=0
08-27 20:19:42.980 39977 39990 I DEBUG: TRLOG_APPLY - Calling mdv_rowdata_add_raw_rowset with rowid.node=0, rowid.id=70
08-27 20:19:42.980 39977 39990 I DEBUG: Individual insert - rowid=70, size=31, copied_ptr=0x7f8c28038b40, orig_ptr=0x7f8c1c000bdb
08-27 20:19:42.981 39977 39990 I DEBUG: Individual insert - rowid=71, size=20, copied_ptr=0x7f8c1c001f70, orig_ptr=0x7f8c1c000bfa
08-27 20:19:43.021 39977 40001 I DEBUG: mdv_read_msg start, fd=40, msg=0x7f8c28000f30
08-27 20:19:43.021 39977 40001 I DEBUG: Header read - id=9, number=13, size=83
08-27 20:19:43.022 39977 40001 I DEBUG: Allocated payload 0x7f8c28038c00 for size 83
08-27 20:19:43.062 39977 40001 I DEBUG: mdv_read_msg start, fd=40, msg=0x7f8c28000f30
08-27 20:19:43.062 39977 40001 I DEBUG: Message read complete - id=9, size=83, payload=0x7f8c28038c00
08-27 20:19:43.062 39977 40001 I DEBUG: Message received - id=9, number=13, size=83, payload=0x7f8c28038c00
08-27 20:19:43.062 39977 40001 I DEBUG: Calling handler for message id=9
08-27 20:19:43.062 39977 40001 I <<<<< 'INSERT INTO'
08-27 20:19:43.062 39977 40001 I DEBUG: msg=0x7f8c28000f30, payload=0x7f8c28038c00, size=83
08-27 20:19:43.062 39977 40001 I DEBUG: binn_load successful
08-27 20:19:43.062 39977 40001 I DEBUG: unbinn_insert_into start, obj=0x7f8c2ffec8d0, msg=0x7f8c2ffec8b0
08-27 20:19:43.062 39977 40001 I DEBUG: unbinn_insert_into success, table=f0483c28b8996d310d992322565b58bf, rows=0x7f8c28038c1d
08-27 20:19:43.062 39977 40001 I DEBUG: TABLESPACE - log_rowset: rowset_len=2, rowset_size=54, rowset=0x7f8c28038c1d
08-27 20:19:43.066 39977 40001 I >>>>> 'STATUS'
08-27 20:19:43.066 39977 40001 I DEBUG: Handler returned err=1 (Operation successfully completed)
08-27 20:19:43.066 39977 39990 I DEBUG: TRLOG_APPLY - Loaded rowset: len=2, size=54, id=72, node_id=0
08-27 20:19:43.066 39977 39990 I DEBUG: TRLOG_APPLY - Calling mdv_rowdata_add_raw_rowset with rowid.node=0, rowid.id=72
08-27 20:19:43.066 39977 39990 I DEBUG: Individual insert - rowid=72, size=31, copied_ptr=0x7f8c28038b40, orig_ptr=0x7f8c1c00519b
08-27 20:19:43.068 39977 39990 I DEBUG: Individual insert - rowid=73, size=20, copied_ptr=0x7f8c1c000c30, orig_ptr=0x7f8c1c0051ba
08-27 20:19:43.107 39977 40001 I DEBUG: mdv_read_msg start, fd=40, msg=0x7f8c28000f30
08-27 20:19:43.107 39977 40001 I DEBUG: Header read - id=9, number=14, size=83
08-27 20:19:43.107 39977 40001 I DEBUG: Allocated payload 0x7f8c28038c00 for size 83
08-27 20:19:43.148 39977 40001 I DEBUG: mdv_read_msg start, fd=40, msg=0x7f8c28000f30
08-27 20:19:43.148 39977 40001 I DEBUG: Message read complete - id=9, size=83, payload=0x7f8c28038c00
08-27 20:19:43.148 39977 40001 I DEBUG: Message received - id=9, number=14, size=83, payload=0x7f8c28038c00
08-27 20:19:43.148 39977 40001 I DEBUG: Calling handler for message id=9
08-27 20:19:43.148 39977 40001 I <<<<< 'INSERT INTO'
08-27 20:19:43.148 39977 40001 I DEBUG: msg=0x7f8c28000f30, payload=0x7f8c28038c00, size=83
08-27 20:19:43.148 39977 40001 I DEBUG: binn_load successful
08-27 20:19:43.148 39977 40001 I DEBUG: unbinn_insert_into start, obj=0x7f8c2ffec8d0, msg=0x7f8c2ffec8b0
08-27 20:19:43.148 39977 40001 I DEBUG: unbinn_insert_into success, table=f0483c28b8996d310d992322565b58bf, rows=0x7f8c28038c1d
08-27 20:19:43.148 39977 40001 I DEBUG: TABLESPACE - log_rowset: rowset_len=2, rowset_size=54, rowset=0x7f8c28038c1d
08-27 20:19:43.151 39977 40001 I >>>>> 'STATUS'
08-27 20:19:43.152 39977 40001 I DEBUG: Handler returned err=1 (Operation successfully completed)
08-27 20:19:43.152 39977 39990 I DEBUG: TRLOG_APPLY - Loaded rowset: len=2, size=54, id=74, node_id=0
08-27 20:19:43.152 39977 39990 I DEBUG: TRLOG_APPLY - Calling mdv_rowdata_add_raw_rowset with rowid.node=0, rowid.id=74
08-27 20:19:43.152 39977 39990 I DEBUG: Individual insert - rowid=74, size=31, copied_ptr=0x7f8c28038b40, orig_ptr=0x7f8c1c000bdb
08-27 20:19:43.153 39977 39990 I DEBUG: Individual insert - rowid=75, size=20, copied_ptr=0x7f8c1c005110, orig_ptr=0x7f8c1c000bfa
08-27 20:19:43.193 39977 40000 I DEBUG: mdv_read_msg start, fd=40, msg=0x7f8c28000f30
08-27 20:19:43.193 39977 40000 I DEBUG: Header read - id=9, number=15, size=83
08-27 20:19:43.193 39977 40000 I DEBUG: Allocated payload 0x7f8c08000b70 for size 83
08-27 20:19:43.234 39977 40000 I DEBUG: mdv_read_msg start, fd=40, msg=0x7f8c28000f30
08-27 20:19:43.234 39977 40000 I DEBUG: Message read complete - id=9, size=83, payload=0x7f8c08000b70
08-27 20:19:43.234 39977 40000 I DEBUG: Message received - id=9, number=15, size=83, payload=0x7f8c08000b70
08-27 20:19:43.235 39977 40000 I DEBUG: Calling handler for message id=9
08-27 20:19:43.235 39977 40000 I <<<<< 'INSERT INTO'
08-27 20:19:43.235 39977 40000 I DEBUG: msg=0x7f8c28000f30, payload=0x7f8c08000b70, size=83
08-27 20:19:43.235 39977 40000 I DEBUG: binn_load successful
08-27 20:19:43.235 39977 40000 I DEBUG: unbinn_insert_into start, obj=0x7f8c300ed8d0, msg=0x7f8c300ed8b0
08-27 20:19:43.235 39977 40000 I DEBUG: unbinn_insert_into success, table=f0483c28b8996d310d992322565b58bf, rows=0x7f8c08000b8d
08-27 20:19:43.235 39977 40000 I DEBUG: TABLESPACE - log_rowset: rowset_len=2, rowset_size=54, rowset=0x7f8c08000b8d
08-27 20:19:43.239 39977 40000 I >>>>> 'STATUS'
08-27 20:19:43.239 39977 40000 I DEBUG: Handler returned err=1 (Operation successfully completed)
08-27 20:19:43.240 39977 39990 I DEBUG: TRLOG_APPLY - Loaded rowset: len=2, size=54, id=76, node_id=0
08-27 20:19:43.240 39977 39990 I DEBUG: TRLOG_APPLY - Calling mdv_rowdata_add_raw_rowset with rowid.node=0, rowid.id=76
08-27 20:19:43.240 39977 39990 I DEBUG: Individual insert - rowid=76, size=31, copied_ptr=0x7f8c28038b40, orig_ptr=0x7f8c1c00519b
08-27 20:19:43.242 39977 39990 I DEBUG: Individual insert - rowid=77, size=20, copied_ptr=0x7f8c1c001f70, orig_ptr=0x7f8c1c0051ba
08-27 20:19:43.281 39977 40000 I DEBUG: mdv_read_msg start, fd=40, msg=0x7f8c28000f30
08-27 20:19:43.282 39977 40000 I DEBUG: Header read - id=9, number=16, size=83
08-27 20:19:43.282 39977 40000 I DEBUG: Allocated payload 0x7f8c08000b70 for size 83
08-27 20:19:43.323 39977 40000 I DEBUG: mdv_read_msg start, fd=40, msg=0x7f8c28000f30
08-27 20:19:43.323 39977 40000 I DEBUG: Message read complete - id=9, size=83, payload=0x7f8c08000b70
08-27 20:19:43.323 39977 40000 I DEBUG: Message received - id=9, number=16, size=83, payload=0x7f8c08000b70
08-27 20:19:43.323 39977 40000 I DEBUG: Calling handler for message id=9
08-27 20:19:43.323 39977 40000 I <<<<< 'INSERT INTO'
08-27 20:19:43.323 39977 40000 I DEBUG: msg=0x7f8c28000f30, payload=0x7f8c08000b70, size=83
08-27 20:19:43.323 39977 40000 I DEBUG: binn_load successful
08-27 20:19:43.323 39977 40000 I DEBUG: unbinn_insert_into start, obj=0x7f8c300ed8d0, msg=0x7f8c300ed8b0
08-27 20:19:43.323 39977 40000 I DEBUG: unbinn_insert_into success, table=f0483c28b8996d310d992322565b58bf, rows=0x7f8c08000b8d
08-27 20:19:43.323 39977 40000 I DEBUG: TABLESPACE - log_rowset: rowset_len=2, rowset_size=54, rowset=0x7f8c08000b8d
08-27 20:19:43.327 39977 40000 I >>>>> 'STATUS'
08-27 20:19:43.327 39977 40000 I DEBUG: Handler returned err=1 (Operation successfully completed)
08-27 20:19:43.327 39977 39990 I DEBUG: TRLOG_APPLY - Loaded rowset: len=2, size=54, id=78, node_id=0
08-27 20:19:43.327 39977 39990 I DEBUG: TRLOG_APPLY - Calling mdv_rowdata_add_raw_rowset with rowid.node=0, rowid.id=78
08-27 20:19:43.327 39977 39990 I DEBUG: Individual insert - rowid=78, size=31, copied_ptr=0x7f8c28038b40, orig_ptr=0x7f8c1c000bdb
08-27 20:19:43.329 39977 39990 I DEBUG: Individual insert - rowid=79, size=20, copied_ptr=0x7f8c1c000c30, orig_ptr=0x7f8c1c000bfa
08-27 20:19:43.368 39977 40000 I DEBUG: mdv_read_msg start, fd=40, msg=0x7f8c28000f30
08-27 20:19:43.369 39977 40000 I DEBUG: Header read - id=9, number=17, size=83
08-27 20:19:43.369 39977 40000 I DEBUG: Allocated payload 0x7f8c08000b70 for size 83
08-27 20:19:43.409 39977 40000 I DEBUG: mdv_read_msg start, fd=40, msg=0x7f8c28000f30
08-27 20:19:43.410 39977 40000 I DEBUG: Message read complete - id=9, size=83, payload=0x7f8c08000b70
08-27 20:19:43.410 39977 40000 I DEBUG: Message received - id=9, number=17, size=83, payload=0x7f8c08000b70
08-27 20:19:43.410 39977 40000 I DEBUG: Calling handler for message id=9
08-27 20:19:43.410 39977 40000 I <<<<< 'INSERT INTO'
08-27 20:19:43.410 39977 40000 I DEBUG: msg=0x7f8c28000f30, payload=0x7f8c08000b70, size=83
08-27 20:19:43.410 39977 40000 I DEBUG: binn_load successful
08-27 20:19:43.410 39977 40000 I DEBUG: unbinn_insert_into start, obj=0x7f8c300ed8d0, msg=0x7f8c300ed8b0
08-27 20:19:43.410 39977 40000 I DEBUG: unbinn_insert_into success, table=f0483c28b8996d310d992322565b58bf, rows=0x7f8c08000b8d
08-27 20:19:43.410 39977 40000 I DEBUG: TABLESPACE - log_rowset: rowset_len=2, rowset_size=54, rowset=0x7f8c08000b8d
08-27 20:19:43.414 39977 40000 I >>>>> 'STATUS'
08-27 20:19:43.414 39977 40000 I DEBUG: Handler returned err=1 (Operation successfully completed)
08-27 20:19:43.414 39977 39990 I DEBUG: TRLOG_APPLY - Loaded rowset: len=2, size=54, id=80, node_id=0
08-27 20:19:43.414 39977 39990 I DEBUG: TRLOG_APPLY - Calling mdv_rowdata_add_raw_rowset with rowid.node=0, rowid.id=80
08-27 20:19:43.414 39977 39990 I DEBUG: Individual insert - rowid=80, size=31, copied_ptr=0x7f8c28038b40, orig_ptr=0x7f8c1c00519b
08-27 20:19:43.416 39977 39990 I DEBUG: Individual insert - rowid=81, size=20, copied_ptr=0x7f8c1c005110, orig_ptr=0x7f8c1c0051ba
08-27 20:19:43.455 39977 40000 I DEBUG: mdv_read_msg start, fd=40, msg=0x7f8c28000f30
08-27 20:19:43.455 39977 40000 I DEBUG: Header read - id=9, number=18, size=83
08-27 20:19:43.455 39977 40000 I DEBUG: Allocated payload 0x7f8c08000b70 for size 83
08-27 20:19:43.495 39977 40000 I DEBUG: mdv_read_msg start, fd=40, msg=0x7f8c28000f30
08-27 20:19:43.496 39977 40000 I DEBUG: Message read complete - id=9, size=83, payload=0x7f8c08000b70
08-27 20:19:43.496 39977 40000 I DEBUG: Message received - id=9, number=18, size=83, payload=0x7f8c08000b70
08-27 20:19:43.496 39977 40000 I DEBUG: Calling handler for message id=9
08-27 20:19:43.496 39977 40000 I <<<<< 'INSERT INTO'
08-27 20:19:43.496 39977 40000 I DEBUG: msg=0x7f8c28000f30, payload=0x7f8c08000b70, size=83
08-27 20:19:43.496 39977 40000 I DEBUG: binn_load successful
08-27 20:19:43.496 39977 40000 I DEBUG: unbinn_insert_into start, obj=0x7f8c300ed8d0, msg=0x7f8c300ed8b0
08-27 20:19:43.496 39977 40000 I DEBUG: unbinn_insert_into success, table=f0483c28b8996d310d992322565b58bf, rows=0x7f8c08000b8d
08-27 20:19:43.496 39977 40000 I DEBUG: TABLESPACE - log_rowset: rowset_len=2, rowset_size=54, rowset=0x7f8c08000b8d
08-27 20:19:43.499 39977 40000 I >>>>> 'STATUS'
08-27 20:19:43.499 39977 40000 I DEBUG: Handler returned err=1 (Operation successfully completed)
08-27 20:19:43.500 39977 39990 I DEBUG: TRLOG_APPLY - Loaded rowset: len=2, size=54, id=82, node_id=0
08-27 20:19:43.500 39977 39990 I DEBUG: TRLOG_APPLY - Calling mdv_rowdata_add_raw_rowset with rowid.node=0, rowid.id=82
08-27 20:19:43.500 39977 39990 I DEBUG: Individual insert - rowid=82, size=31, copied_ptr=0x7f8c28038b40, orig_ptr=0x7f8c1c000bdb
08-27 20:19:43.501 39977 39990 I DEBUG: Individual insert - rowid=83, size=20, copied_ptr=0x7f8c1c001f70, orig_ptr=0x7f8c1c000bfa
08-27 20:19:43.541 39977 40000 I DEBUG: mdv_read_msg start, fd=40, msg=0x7f8c28000f30
08-27 20:19:43.541 39977 40000 I DEBUG: Header read - id=9, number=19, size=83
08-27 20:19:43.541 39977 40000 I DEBUG: Allocated payload 0x7f8c08000b70 for size 83
08-27 20:19:43.582 39977 40000 I DEBUG: mdv_read_msg start, fd=40, msg=0x7f8c28000f30
08-27 20:19:43.582 39977 40000 I DEBUG: Message read complete - id=9, size=83, payload=0x7f8c08000b70
08-27 20:19:43.582 39977 40000 I DEBUG: Message received - id=9, number=19, size=83, payload=0x7f8c08000b70
08-27 20:19:43.582 39977 40000 I DEBUG: Calling handler for message id=9
08-27 20:19:43.582 39977 40000 I <<<<< 'INSERT INTO'
08-27 20:19:43.582 39977 40000 I DEBUG: msg=0x7f8c28000f30, payload=0x7f8c08000b70, size=83
08-27 20:19:43.582 39977 40000 I DEBUG: binn_load successful
08-27 20:19:43.582 39977 40000 I DEBUG: unbinn_insert_into start, obj=0x7f8c300ed8d0, msg=0x7f8c300ed8b0
08-27 20:19:43.582 39977 40000 I DEBUG: unbinn_insert_into success, table=f0483c28b8996d310d992322565b58bf, rows=0x7f8c08000b8d
08-27 20:19:43.582 39977 40000 I DEBUG: TABLESPACE - log_rowset: rowset_len=2, rowset_size=54, rowset=0x7f8c08000b8d
08-27 20:19:43.586 39977 40000 I >>>>> 'STATUS'
08-27 20:19:43.586 39977 40000 I DEBUG: Handler returned err=1 (Operation successfully completed)
08-27 20:19:43.587 39977 39990 I DEBUG: TRLOG_APPLY - Loaded rowset: len=2, size=54, id=84, node_id=0
08-27 20:19:43.587 39977 39990 I DEBUG: TRLOG_APPLY - Calling mdv_rowdata_add_raw_rowset with rowid.node=0, rowid.id=84
08-27 20:19:43.587 39977 39990 I DEBUG: Individual insert - rowid=84, size=31, copied_ptr=0x7f8c28038b40, orig_ptr=0x7f8c1c00519b
08-27 20:19:43.588 39977 39990 I DEBUG: Individual insert - rowid=85, size=20, copied_ptr=0x7f8c1c000c30, orig_ptr=0x7f8c1c0051ba
08-27 20:19:43.628 39977 40000 I DEBUG: mdv_read_msg start, fd=40, msg=0x7f8c28000f30
08-27 20:19:43.629 39977 40000 I DEBUG: Header read - id=9, number=20, size=83
08-27 20:19:43.629 39977 40000 I DEBUG: Allocated payload 0x7f8c08000b70 for size 83
08-27 20:19:43.670 39977 40000 I DEBUG: mdv_read_msg start, fd=40, msg=0x7f8c28000f30
08-27 20:19:43.670 39977 40000 I DEBUG: Message read complete - id=9, size=83, payload=0x7f8c08000b70
08-27 20:19:43.670 39977 40000 I DEBUG: Message received - id=9, number=20, size=83, payload=0x7f8c08000b70
08-27 20:19:43.670 39977 40000 I DEBUG: Calling handler for message id=9
08-27 20:19:43.670 39977 40000 I <<<<< 'INSERT INTO'
08-27 20:19:43.670 39977 40000 I DEBUG: msg=0x7f8c28000f30, payload=0x7f8c08000b70, size=83
08-27 20:19:43.670 39977 40000 I DEBUG: binn_load successful
08-27 20:19:43.670 39977 40000 I DEBUG: unbinn_insert_into start, obj=0x7f8c300ed8d0, msg=0x7f8c300ed8b0
08-27 20:19:43.670 39977 40000 I DEBUG: unbinn_insert_into success, table=f0483c28b8996d310d992322565b58bf, rows=0x7f8c08000b8d
08-27 20:19:43.670 39977 40000 I DEBUG: TABLESPACE - log_rowset: rowset_len=2, rowset_size=54, rowset=0x7f8c08000b8d
08-27 20:19:43.674 39977 40000 I >>>>> 'STATUS'
08-27 20:19:43.675 39977 40000 I DEBUG: Handler returned err=1 (Operation successfully completed)
08-27 20:19:43.675 39977 39990 I DEBUG: TRLOG_APPLY - Loaded rowset: len=2, size=54, id=86, node_id=0
08-27 20:19:43.675 39977 39990 I DEBUG: TRLOG_APPLY - Calling mdv_rowdata_add_raw_rowset with rowid.node=0, rowid.id=86
08-27 20:19:43.675 39977 39990 I DEBUG: Individual insert - rowid=86, size=31, copied_ptr=0x7f8c28038b40, orig_ptr=0x7f8c1c000bdb
08-27 20:19:43.676 39977 39990 I DEBUG: Individual insert - rowid=87, size=20, copied_ptr=0x7f8c1c005110, orig_ptr=0x7f8c1c000bfa
08-27 20:19:43.718 39977 40000 I DEBUG: mdv_read_msg start, fd=40, msg=0x7f8c28000f30
08-27 20:19:43.719 39977 40000 I DEBUG: Header read - id=9, number=21, size=83
08-27 20:19:43.719 39977 40000 I DEBUG: Allocated payload 0x7f8c08000b70 for size 83
08-27 20:19:43.759 39977 40000 I DEBUG: mdv_read_msg start, fd=40, msg=0x7f8c28000f30
08-27 20:19:43.760 39977 40000 I DEBUG: Message read complete - id=9, size=83, payload=0x7f8c08000b70
08-27 20:19:43.760 39977 40000 I DEBUG: Message received - id=9, number=21, size=83, payload=0x7f8c08000b70
08-27 20:19:43.760 39977 40000 I DEBUG: Calling handler for message id=9
08-27 20:19:43.760 39977 40000 I <<<<< 'INSERT INTO'
08-27 20:19:43.760 39977 40000 I DEBUG: msg=0x7f8c28000f30, payload=0x7f8c08000b70, size=83
08-27 20:19:43.760 39977 40000 I DEBUG: binn_load successful
08-27 20:19:43.760 39977 40000 I DEBUG: unbinn_insert_into start, obj=0x7f8c300ed8d0, msg=0x7f8c300ed8b0
08-27 20:19:43.760 39977 40000 I DEBUG: unbinn_insert_into success, table=f0483c28b8996d310d992322565b58bf, rows=0x7f8c08000b8d
08-27 20:19:43.760 39977 40000 I DEBUG: TABLESPACE - log_rowset: rowset_len=2, rowset_size=54, rowset=0x7f8c08000b8d
08-27 20:19:43.763 39977 40000 I >>>>> 'STATUS'
08-27 20:19:43.763 39977 40000 I DEBUG: Handler returned err=1 (Operation successfully completed)
08-27 20:19:43.763 39977 39990 I DEBUG: TRLOG_APPLY - Loaded rowset: len=2, size=54, id=88, node_id=0
08-27 20:19:43.763 39977 39990 I DEBUG: TRLOG_APPLY - Calling mdv_rowdata_add_raw_rowset with rowid.node=0, rowid.id=88
08-27 20:19:43.763 39977 39990 I DEBUG: Individual insert - rowid=88, size=31, copied_ptr=0x7f8c28038b40, orig_ptr=0x7f8c1c00519b
08-27 20:19:43.766 39977 39990 I DEBUG: Individual insert - rowid=89, size=20, copied_ptr=0x7f8c1c001f70, orig_ptr=0x7f8c1c0051ba
08-27 20:19:43.804 39977 40000 I DEBUG: mdv_read_msg start, fd=40, msg=0x7f8c28000f30
08-27 20:19:43.804 39977 40000 I DEBUG: Header read - id=9, number=22, size=83
08-27 20:19:43.804 39977 40000 I DEBUG: Allocated payload 0x7f8c08000b70 for size 83
08-27 20:19:43.859 39977 40000 I DEBUG: mdv_read_msg start, fd=40, msg=0x7f8c28000f30
08-27 20:19:43.859 39977 40000 I DEBUG: Message read complete - id=9, size=83, payload=0x7f8c08000b70
08-27 20:19:43.859 39977 40000 I DEBUG: Message received - id=9, number=22, size=83, payload=0x7f8c08000b70
08-27 20:19:43.859 39977 40000 I DEBUG: Calling handler for message id=9
08-27 20:19:43.859 39977 40000 I <<<<< 'INSERT INTO'
08-27 20:19:43.859 39977 40000 I DEBUG: msg=0x7f8c28000f30, payload=0x7f8c08000b70, size=83
08-27 20:19:43.859 39977 40000 I DEBUG: binn_load successful
08-27 20:19:43.859 39977 40000 I DEBUG: unbinn_insert_into start, obj=0x7f8c300ed8d0, msg=0x7f8c300ed8b0
08-27 20:19:43.859 39977 40000 I DEBUG: unbinn_insert_into success, table=f0483c28b8996d310d992322565b58bf, rows=0x7f8c08000b8d
08-27 20:19:43.859 39977 40000 I DEBUG: TABLESPACE - log_rowset: rowset_len=2, rowset_size=54, rowset=0x7f8c08000b8d
08-27 20:19:43.878 39977 40000 I >>>>> 'STATUS'
08-27 20:19:43.878 39977 40000 I DEBUG: Handler returned err=1 (Operation successfully completed)
08-27 20:19:43.878 39977 39990 I DEBUG: TRLOG_APPLY - Loaded rowset: len=2, size=54, id=90, node_id=0
08-27 20:19:43.878 39977 39990 I DEBUG: TRLOG_APPLY - Calling mdv_rowdata_add_raw_rowset with rowid.node=0, rowid.id=90
08-27 20:19:43.878 39977 39990 I DEBUG: Individual insert - rowid=90, size=31, copied_ptr=0x7f8c28038b40, orig_ptr=0x7f8c1c000bdb
08-27 20:19:43.879 39977 39990 I DEBUG: Individual insert - rowid=91, size=20, copied_ptr=0x7f8c1c000c30, orig_ptr=0x7f8c1c000bfa
08-27 20:19:43.919 39977 40000 I DEBUG: mdv_read_msg start, fd=40, msg=0x7f8c28000f30
08-27 20:19:43.919 39977 40000 I DEBUG: Header read - id=9, number=23, size=83
08-27 20:19:43.919 39977 40000 I DEBUG: Allocated payload 0x7f8c08000b70 for size 83
08-27 20:19:43.959 39977 40000 I DEBUG: mdv_read_msg start, fd=40, msg=0x7f8c28000f30
08-27 20:19:43.959 39977 40000 I DEBUG: Message read complete - id=9, size=83, payload=0x7f8c08000b70
08-27 20:19:43.959 39977 40000 I DEBUG: Message received - id=9, number=23, size=83, payload=0x7f8c08000b70
08-27 20:19:43.959 39977 40000 I DEBUG: Calling handler for message id=9
08-27 20:19:43.959 39977 40000 I <<<<< 'INSERT INTO'
08-27 20:19:43.959 39977 40000 I DEBUG: msg=0x7f8c28000f30, payload=0x7f8c08000b70, size=83
08-27 20:19:43.959 39977 40000 I DEBUG: binn_load successful
08-27 20:19:43.959 39977 40000 I DEBUG: unbinn_insert_into start, obj=0x7f8c300ed8d0, msg=0x7f8c300ed8b0
08-27 20:19:43.959 39977 40000 I DEBUG: unbinn_insert_into success, table=f0483c28b8996d310d992322565b58bf, rows=0x7f8c08000b8d
08-27 20:19:43.959 39977 40000 I DEBUG: TABLESPACE - log_rowset: rowset_len=2, rowset_size=54, rowset=0x7f8c08000b8d
08-27 20:19:43.962 39977 40000 I >>>>> 'STATUS'
08-27 20:19:43.962 39977 40000 I DEBUG: Handler returned err=1 (Operation successfully completed)
08-27 20:19:43.962 39977 39990 I DEBUG: TRLOG_APPLY - Loaded rowset: len=2, size=54, id=92, node_id=0
08-27 20:19:43.962 39977 39990 I DEBUG: TRLOG_APPLY - Calling mdv_rowdata_add_raw_rowset with rowid.node=0, rowid.id=92
08-27 20:19:43.962 39977 39990 I DEBUG: Individual insert - rowid=92, size=31, copied_ptr=0x7f8c28038b40, orig_ptr=0x7f8c1c00519b
08-27 20:19:43.963 39977 39990 I DEBUG: Individual insert - rowid=93, size=20, copied_ptr=0x7f8c1c005110, orig_ptr=0x7f8c1c0051ba
08-27 20:19:44.003 39977 40000 I DEBUG: mdv_read_msg start, fd=40, msg=0x7f8c28000f30
08-27 20:19:44.003 39977 40000 I DEBUG: Header read - id=9, number=24, size=83
08-27 20:19:44.003 39977 40000 I DEBUG: Allocated payload 0x7f8c08000b70 for size 83
08-27 20:19:44.044 39977 40000 I DEBUG: mdv_read_msg start, fd=40, msg=0x7f8c28000f30
08-27 20:19:44.044 39977 40000 I DEBUG: Message read complete - id=9, size=83, payload=0x7f8c08000b70
08-27 20:19:44.044 39977 40000 I DEBUG: Message received - id=9, number=24, size=83, payload=0x7f8c08000b70
08-27 20:19:44.044 39977 40000 I DEBUG: Calling handler for message id=9
08-27 20:19:44.044 39977 40000 I <<<<< 'INSERT INTO'
08-27 20:19:44.044 39977 40000 I DEBUG: msg=0x7f8c28000f30, payload=0x7f8c08000b70, size=83
08-27 20:19:44.044 39977 40000 I DEBUG: binn_load successful
08-27 20:19:44.044 39977 40000 I DEBUG: unbinn_insert_into start, obj=0x7f8c300ed8d0, msg=0x7f8c300ed8b0
08-27 20:19:44.044 39977 40000 I DEBUG: unbinn_insert_into success, table=f0483c28b8996d310d992322565b58bf, rows=0x7f8c08000b8d
08-27 20:19:44.044 39977 40000 I DEBUG: TABLESPACE - log_rowset: rowset_len=2, rowset_size=54, rowset=0x7f8c08000b8d
08-27 20:19:44.047 39977 40000 I >>>>> 'STATUS'
08-27 20:19:44.047 39977 40000 I DEBUG: Handler returned err=1 (Operation successfully completed)
08-27 20:19:44.047 39977 39990 I DEBUG: TRLOG_APPLY - Loaded rowset: len=2, size=54, id=94, node_id=0
08-27 20:19:44.047 39977 39990 I DEBUG: TRLOG_APPLY - Calling mdv_rowdata_add_raw_rowset with rowid.node=0, rowid.id=94
08-27 20:19:44.047 39977 39990 I DEBUG: Individual insert - rowid=94, size=31, copied_ptr=0x7f8c28038b40, orig_ptr=0x7f8c1c000bdb
08-27 20:19:44.048 39977 39990 I DEBUG: Individual insert - rowid=95, size=20, copied_ptr=0x7f8c1c001f70, orig_ptr=0x7f8c1c000bfa
08-27 20:19:44.088 39977 40000 I DEBUG: mdv_read_msg start, fd=40, msg=0x7f8c28000f30
08-27 20:19:44.088 39977 40000 I DEBUG: Header read - id=9, number=25, size=83
08-27 20:19:44.088 39977 40000 I DEBUG: Allocated payload 0x7f8c08000b70 for size 83
08-27 20:19:44.129 39977 40000 I DEBUG: mdv_read_msg start, fd=40, msg=0x7f8c28000f30
08-27 20:19:44.129 39977 40000 I DEBUG: Message read complete - id=9, size=83, payload=0x7f8c08000b70
08-27 20:19:44.129 39977 40000 I DEBUG: Message received - id=9, number=25, size=83, payload=0x7f8c08000b70
08-27 20:19:44.129 39977 40000 I DEBUG: Calling handler for message id=9
08-27 20:19:44.129 39977 40000 I <<<<< 'INSERT INTO'
08-27 20:19:44.129 39977 40000 I DEBUG: msg=0x7f8c28000f30, payload=0x7f8c08000b70, size=83
08-27 20:19:44.129 39977 40000 I DEBUG: binn_load successful
08-27 20:19:44.129 39977 40000 I DEBUG: unbinn_insert_into start, obj=0x7f8c300ed8d0, msg=0x7f8c300ed8b0
08-27 20:19:44.129 39977 40000 I DEBUG: unbinn_insert_into success, table=f0483c28b8996d310d992322565b58bf, rows=0x7f8c08000b8d
08-27 20:19:44.129 39977 40000 I DEBUG: TABLESPACE - log_rowset: rowset_len=2, rowset_size=54, rowset=0x7f8c08000b8d
08-27 20:19:44.132 39977 40000 I >>>>> 'STATUS'
08-27 20:19:44.132 39977 40000 I DEBUG: Handler returned err=1 (Operation successfully completed)
08-27 20:19:44.132 39977 39990 I DEBUG: TRLOG_APPLY - Loaded rowset: len=2, size=54, id=96, node_id=0
08-27 20:19:44.132 39977 39990 I DEBUG: TRLOG_APPLY - Calling mdv_rowdata_add_raw_rowset with rowid.node=0, rowid.id=96
08-27 20:19:44.132 39977 39990 I DEBUG: Individual insert - rowid=96, size=31, copied_ptr=0x7f8c28038b40, orig_ptr=0x7f8c1c00519b
08-27 20:19:44.133 39977 39990 I DEBUG: Individual insert - rowid=97, size=20, copied_ptr=0x7f8c1c000c30, orig_ptr=0x7f8c1c0051ba
08-27 20:19:44.173 39977 40000 I DEBUG: mdv_read_msg start, fd=40, msg=0x7f8c28000f30
08-27 20:19:44.173 39977 40000 I DEBUG: Header read - id=9, number=26, size=83
08-27 20:19:44.173 39977 40000 I DEBUG: Allocated payload 0x7f8c08000b70 for size 83
08-27 20:19:44.214 39977 40000 I DEBUG: mdv_read_msg start, fd=40, msg=0x7f8c28000f30
08-27 20:19:44.214 39977 40000 I DEBUG: Message read complete - id=9, size=83, payload=0x7f8c08000b70
08-27 20:19:44.214 39977 40000 I DEBUG: Message received - id=9, number=26, size=83, payload=0x7f8c08000b70
08-27 20:19:44.214 39977 40000 I DEBUG: Calling handler for message id=9
08-27 20:19:44.214 39977 40000 I <<<<< 'INSERT INTO'
08-27 20:19:44.214 39977 40000 I DEBUG: msg=0x7f8c28000f30, payload=0x7f8c08000b70, size=83
08-27 20:19:44.214 39977 40000 I DEBUG: binn_load successful
08-27 20:19:44.214 39977 40000 I DEBUG: unbinn_insert_into start, obj=0x7f8c300ed8d0, msg=0x7f8c300ed8b0
08-27 20:19:44.214 39977 40000 I DEBUG: unbinn_insert_into success, table=f0483c28b8996d310d992322565b58bf, rows=0x7f8c08000b8d
08-27 20:19:44.214 39977 40000 I DEBUG: TABLESPACE - log_rowset: rowset_len=2, rowset_size=54, rowset=0x7f8c08000b8d
08-27 20:19:44.217 39977 40000 I >>>>> 'STATUS'
08-27 20:19:44.217 39977 40000 I DEBUG: Handler returned err=1 (Operation successfully completed)
08-27 20:19:44.217 39977 39990 I DEBUG: TRLOG_APPLY - Loaded rowset: len=2, size=54, id=98, node_id=0
08-27 20:19:44.217 39977 39990 I DEBUG: TRLOG_APPLY - Calling mdv_rowdata_add_raw_rowset with rowid.node=0, rowid.id=98
08-27 20:19:44.217 39977 39990 I DEBUG: Individual insert - rowid=98, size=31, copied_ptr=0x7f8c28038b40, orig_ptr=0x7f8c1c000bdb
08-27 20:19:44.218 39977 39990 I DEBUG: Individual insert - rowid=99, size=20, copied_ptr=0x7f8c1c005110, orig_ptr=0x7f8c1c000bfa
08-27 20:19:44.258 39977 40000 I DEBUG: mdv_read_msg start, fd=40, msg=0x7f8c28000f30
08-27 20:19:44.259 39977 40000 I DEBUG: Header read - id=9, number=27, size=83
08-27 20:19:44.259 39977 40000 I DEBUG: Allocated payload 0x7f8c08000b70 for size 83
08-27 20:19:44.300 39977 40000 I DEBUG: mdv_read_msg start, fd=40, msg=0x7f8c28000f30
08-27 20:19:44.300 39977 40000 I DEBUG: Message read complete - id=9, size=83, payload=0x7f8c08000b70
08-27 20:19:44.300 39977 40000 I DEBUG: Message received - id=9, number=27, size=83, payload=0x7f8c08000b70
08-27 20:19:44.300 39977 40000 I DEBUG: Calling handler for message id=9
08-27 20:19:44.300 39977 40000 I <<<<< 'INSERT INTO'
08-27 20:19:44.300 39977 40000 I DEBUG: msg=0x7f8c28000f30, payload=0x7f8c08000b70, size=83
08-27 20:19:44.300 39977 40000 I DEBUG: binn_load successful
08-27 20:19:44.300 39977 40000 I DEBUG: unbinn_insert_into start, obj=0x7f8c300ed8d0, msg=0x7f8c300ed8b0
08-27 20:19:44.300 39977 40000 I DEBUG: unbinn_insert_into success, table=f0483c28b8996d310d992322565b58bf, rows=0x7f8c08000b8d
08-27 20:19:44.300 39977 40000 I DEBUG: TABLESPACE - log_rowset: rowset_len=2, rowset_size=54, rowset=0x7f8c08000b8d
08-27 20:19:44.306 39977 40000 I >>>>> 'STATUS'
08-27 20:19:44.306 39977 40000 I DEBUG: Handler returned err=1 (Operation successfully completed)
08-27 20:19:44.306 39977 39990 I DEBUG: TRLOG_APPLY - Loaded rowset: len=2, size=54, id=100, node_id=0
08-27 20:19:44.306 39977 39990 I DEBUG: TRLOG_APPLY - Calling mdv_rowdata_add_raw_rowset with rowid.node=0, rowid.id=100
08-27 20:19:44.306 39977 39990 I DEBUG: Individual insert - rowid=100, size=31, copied_ptr=0x7f8c28038b40, orig_ptr=0x7f8c1c00519b
08-27 20:19:44.308 39977 39990 I DEBUG: Individual insert - rowid=101, size=20, copied_ptr=0x7f8c1c001f70, orig_ptr=0x7f8c1c0051ba
08-27 20:19:44.347 39977 40000 I DEBUG: mdv_read_msg start, fd=40, msg=0x7f8c28000f30
08-27 20:19:44.347 39977 40000 I DEBUG: Header read - id=9, number=28, size=83
08-27 20:19:44.347 39977 40000 I DEBUG: Allocated payload 0x7f8c08000b70 for size 83
08-27 20:19:44.388 39977 40000 I DEBUG: mdv_read_msg start, fd=40, msg=0x7f8c28000f30
08-27 20:19:44.388 39977 40000 I DEBUG: Message read complete - id=9, size=83, payload=0x7f8c08000b70
08-27 20:19:44.388 39977 40000 I DEBUG: Message received - id=9, number=28, size=83, payload=0x7f8c08000b70
08-27 20:19:44.388 39977 40000 I DEBUG: Calling handler for message id=9
08-27 20:19:44.388 39977 40000 I <<<<< 'INSERT INTO'
08-27 20:19:44.388 39977 40000 I DEBUG: msg=0x7f8c28000f30, payload=0x7f8c08000b70, size=83
08-27 20:19:44.388 39977 40000 I DEBUG: binn_load successful
08-27 20:19:44.388 39977 40000 I DEBUG: unbinn_insert_into start, obj=0x7f8c300ed8d0, msg=0x7f8c300ed8b0
08-27 20:19:44.388 39977 40000 I DEBUG: unbinn_insert_into success, table=f0483c28b8996d310d992322565b58bf, rows=0x7f8c08000b8d
08-27 20:19:44.388 39977 40000 I DEBUG: TABLESPACE - log_rowset: rowset_len=2, rowset_size=54, rowset=0x7f8c08000b8d
08-27 20:19:44.394 39977 40000 I >>>>> 'STATUS'
08-27 20:19:44.394 39977 39990 I DEBUG: TRLOG_APPLY - Loaded rowset: len=2, size=54, id=102, node_id=0
08-27 20:19:44.394 39977 39990 I DEBUG: TRLOG_APPLY - Calling mdv_rowdata_add_raw_rowset with rowid.node=0, rowid.id=102
08-27 20:19:44.394 39977 39990 I DEBUG: Individual insert - rowid=102, size=31, copied_ptr=0x7f8c28038b40, orig_ptr=0x7f8c1c000bdb
08-27 20:19:44.394 39977 40000 I DEBUG: Handler returned err=1 (Operation successfully completed)
08-27 20:19:44.396 39977 39990 I DEBUG: Individual insert - rowid=103, size=20, copied_ptr=0x7f8c1c000c30, orig_ptr=0x7f8c1c000bfa
08-27 20:19:44.436 39977 40000 I DEBUG: mdv_read_msg start, fd=40, msg=0x7f8c28000f30
08-27 20:19:44.436 39977 40000 I DEBUG: Header read - id=9, number=29, size=83
08-27 20:19:44.436 39977 40000 I DEBUG: Allocated payload 0x7f8c08000b70 for size 83
08-27 20:19:44.477 39977 40000 I DEBUG: mdv_read_msg start, fd=40, msg=0x7f8c28000f30
08-27 20:19:44.478 39977 40000 I DEBUG: Message read complete - id=9, size=83, payload=0x7f8c08000b70
08-27 20:19:44.478 39977 40000 I DEBUG: Message received - id=9, number=29, size=83, payload=0x7f8c08000b70
08-27 20:19:44.478 39977 40000 I DEBUG: Calling handler for message id=9
08-27 20:19:44.478 39977 40000 I <<<<< 'INSERT INTO'
08-27 20:19:44.478 39977 40000 I DEBUG: msg=0x7f8c28000f30, payload=0x7f8c08000b70, size=83
08-27 20:19:44.478 39977 40000 I DEBUG: binn_load successful
08-27 20:19:44.478 39977 40000 I DEBUG: unbinn_insert_into start, obj=0x7f8c300ed8d0, msg=0x7f8c300ed8b0
08-27 20:19:44.478 39977 40000 I DEBUG: unbinn_insert_into success, table=f0483c28b8996d310d992322565b58bf, rows=0x7f8c08000b8d
08-27 20:19:44.478 39977 40000 I DEBUG: TABLESPACE - log_rowset: rowset_len=2, rowset_size=54, rowset=0x7f8c08000b8d
08-27 20:19:44.481 39977 40000 I >>>>> 'STATUS'
08-27 20:19:44.481 39977 40000 I DEBUG: Handler returned err=1 (Operation successfully completed)
08-27 20:19:44.481 39977 39990 I DEBUG: TRLOG_APPLY - Loaded rowset: len=2, size=54, id=104, node_id=0
08-27 20:19:44.481 39977 39990 I DEBUG: TRLOG_APPLY - Calling mdv_rowdata_add_raw_rowset with rowid.node=0, rowid.id=104
08-27 20:19:44.481 39977 39990 I DEBUG: Individual insert - rowid=104, size=31, copied_ptr=0x7f8c28038b40, orig_ptr=0x7f8c1c00519b
08-27 20:19:44.482 39977 39990 I DEBUG: Individual insert - rowid=105, size=20, copied_ptr=0x7f8c1c005110, orig_ptr=0x7f8c1c0051ba
08-27 20:19:44.522 39977 40000 I DEBUG: mdv_read_msg start, fd=40, msg=0x7f8c28000f30
08-27 20:19:44.522 39977 40000 I DEBUG: Header read - id=9, number=30, size=83
08-27 20:19:44.522 39977 40000 I DEBUG: Allocated payload 0x7f8c08000b70 for size 83
08-27 20:19:44.562 39977 40000 I DEBUG: mdv_read_msg start, fd=40, msg=0x7f8c28000f30
08-27 20:19:44.563 39977 40000 I DEBUG: Message read complete - id=9, size=83, payload=0x7f8c08000b70
08-27 20:19:44.563 39977 40000 I DEBUG: Message received - id=9, number=30, size=83, payload=0x7f8c08000b70
08-27 20:19:44.563 39977 40000 I DEBUG: Calling handler for message id=9
08-27 20:19:44.563 39977 40000 I <<<<< 'INSERT INTO'
08-27 20:19:44.563 39977 40000 I DEBUG: msg=0x7f8c28000f30, payload=0x7f8c08000b70, size=83
08-27 20:19:44.563 39977 40000 I DEBUG: binn_load successful
08-27 20:19:44.563 39977 40000 I DEBUG: unbinn_insert_into start, obj=0x7f8c300ed8d0, msg=0x7f8c300ed8b0
08-27 20:19:44.563 39977 40000 I DEBUG: unbinn_insert_into success, table=f0483c28b8996d310d992322565b58bf, rows=0x7f8c08000b8d
08-27 20:19:44.563 39977 40000 I DEBUG: TABLESPACE - log_rowset: rowset_len=2, rowset_size=54, rowset=0x7f8c08000b8d
08-27 20:19:44.567 39977 40000 I >>>>> 'STATUS'
08-27 20:19:44.567 39977 40000 I DEBUG: Handler returned err=1 (Operation successfully completed)
08-27 20:19:44.567 39977 39990 I DEBUG: TRLOG_APPLY - Loaded rowset: len=2, size=54, id=106, node_id=0
08-27 20:19:44.567 39977 39990 I DEBUG: TRLOG_APPLY - Calling mdv_rowdata_add_raw_rowset with rowid.node=0, rowid.id=106
08-27 20:19:44.567 39977 39990 I DEBUG: Individual insert - rowid=106, size=31, copied_ptr=0x7f8c28038b40, orig_ptr=0x7f8c1c000bdb
08-27 20:19:44.569 39977 39990 I DEBUG: Individual insert - rowid=107, size=20, copied_ptr=0x7f8c1c001f70, orig_ptr=0x7f8c1c000bfa
08-27 20:19:44.608 39977 40000 I DEBUG: mdv_read_msg start, fd=40, msg=0x7f8c28000f30
08-27 20:19:44.609 39977 40000 I DEBUG: Header read - id=9, number=31, size=83
08-27 20:19:44.609 39977 40000 I DEBUG: Allocated payload 0x7f8c08000b70 for size 83
08-27 20:19:44.650 39977 40000 I DEBUG: mdv_read_msg start, fd=40, msg=0x7f8c28000f30
08-27 20:19:44.650 39977 40000 I DEBUG: Message read complete - id=9, size=83, payload=0x7f8c08000b70
08-27 20:19:44.650 39977 40000 I DEBUG: Message received - id=9, number=31, size=83, payload=0x7f8c08000b70
08-27 20:19:44.650 39977 40000 I DEBUG: Calling handler for message id=9
08-27 20:19:44.650 39977 40000 I <<<<< 'INSERT INTO'
08-27 20:19:44.650 39977 40000 I DEBUG: msg=0x7f8c28000f30, payload=0x7f8c08000b70, size=83
08-27 20:19:44.650 39977 40000 I DEBUG: binn_load successful
08-27 20:19:44.650 39977 40000 I DEBUG: unbinn_insert_into start, obj=0x7f8c300ed8d0, msg=0x7f8c300ed8b0
08-27 20:19:44.650 39977 40000 I DEBUG: unbinn_insert_into success, table=f0483c28b8996d310d992322565b58bf, rows=0x7f8c08000b8d
08-27 20:19:44.650 39977 40000 I DEBUG: TABLESPACE - log_rowset: rowset_len=2, rowset_size=54, rowset=0x7f8c08000b8d
08-27 20:19:44.654 39977 40000 I >>>>> 'STATUS'
08-27 20:19:44.655 39977 40000 I DEBUG: Handler returned err=1 (Operation successfully completed)
08-27 20:19:44.655 39977 39990 I DEBUG: TRLOG_APPLY - Loaded rowset: len=2, size=54, id=108, node_id=0
08-27 20:19:44.655 39977 39990 I DEBUG: TRLOG_APPLY - Calling mdv_rowdata_add_raw_rowset with rowid.node=0, rowid.id=108
08-27 20:19:44.655 39977 39990 I DEBUG: Individual insert - rowid=108, size=31, copied_ptr=0x7f8c28038b40, orig_ptr=0x7f8c1c00519b
08-27 20:19:44.657 39977 39990 I DEBUG: Individual insert - rowid=109, size=20, copied_ptr=0x7f8c1c000c30, orig_ptr=0x7f8c1c0051ba
08-27 20:19:44.696 39977 40000 I DEBUG: mdv_read_msg start, fd=40, msg=0x7f8c28000f30
08-27 20:19:44.696 39977 40000 I DEBUG: Header read - id=9, number=32, size=83
08-27 20:19:44.696 39977 40000 I DEBUG: Allocated payload 0x7f8c08000b70 for size 83
08-27 20:19:44.737 39977 40000 I DEBUG: mdv_read_msg start, fd=40, msg=0x7f8c28000f30
08-27 20:19:44.737 39977 40000 I DEBUG: Message read complete - id=9, size=83, payload=0x7f8c08000b70
08-27 20:19:44.737 39977 40000 I DEBUG: Message received - id=9, number=32, size=83, payload=0x7f8c08000b70
08-27 20:19:44.737 39977 40000 I DEBUG: Calling handler for message id=9
08-27 20:19:44.737 39977 40000 I <<<<< 'INSERT INTO'
08-27 20:19:44.737 39977 40000 I DEBUG: msg=0x7f8c28000f30, payload=0x7f8c08000b70, size=83
08-27 20:19:44.737 39977 40000 I DEBUG: binn_load successful
08-27 20:19:44.737 39977 40000 I DEBUG: unbinn_insert_into start, obj=0x7f8c300ed8d0, msg=0x7f8c300ed8b0
08-27 20:19:44.737 39977 40000 I DEBUG: unbinn_insert_into success, table=f0483c28b8996d310d992322565b58bf, rows=0x7f8c08000b8d
08-27 20:19:44.737 39977 40000 I DEBUG: TABLESPACE - log_rowset: rowset_len=2, rowset_size=54, rowset=0x7f8c08000b8d
08-27 20:19:44.741 39977 40000 I >>>>> 'STATUS'
08-27 20:19:44.741 39977 40000 I DEBUG: Handler returned err=1 (Operation successfully completed)
08-27 20:19:44.742 39977 39990 I DEBUG: TRLOG_APPLY - Loaded rowset: len=2, size=54, id=110, node_id=0
08-27 20:19:44.742 39977 39990 I DEBUG: TRLOG_APPLY - Calling mdv_rowdata_add_raw_rowset with rowid.node=0, rowid.id=110
08-27 20:19:44.742 39977 39990 I DEBUG: Individual insert - rowid=110, size=31, copied_ptr=0x7f8c28038b40, orig_ptr=0x7f8c1c000bdb
08-27 20:19:44.743 39977 39990 I DEBUG: Individual insert - rowid=111, size=20, copied_ptr=0x7f8c1c005110, orig_ptr=0x7f8c1c000bfa
08-27 20:19:44.784 39977 40000 I DEBUG: mdv_read_msg start, fd=40, msg=0x7f8c28000f30
08-27 20:19:44.784 39977 40000 I DEBUG: Header read - id=9, number=33, size=83
08-27 20:19:44.784 39977 40000 I DEBUG: Allocated payload 0x7f8c08000b70 for size 83
08-27 20:19:44.825 39977 40000 I DEBUG: mdv_read_msg start, fd=40, msg=0x7f8c28000f30
08-27 20:19:44.825 39977 40000 I DEBUG: Message read complete - id=9, size=83, payload=0x7f8c08000b70
08-27 20:19:44.825 39977 40000 I DEBUG: Message received - id=9, number=33, size=83, payload=0x7f8c08000b70
08-27 20:19:44.825 39977 40000 I DEBUG: Calling handler for message id=9
08-27 20:19:44.825 39977 40000 I <<<<< 'INSERT INTO'
08-27 20:19:44.825 39977 40000 I DEBUG: msg=0x7f8c28000f30, payload=0x7f8c08000b70, size=83
08-27 20:19:44.825 39977 40000 I DEBUG: binn_load successful
08-27 20:19:44.825 39977 40000 I DEBUG: unbinn_insert_into start, obj=0x7f8c300ed8d0, msg=0x7f8c300ed8b0
08-27 20:19:44.825 39977 40000 I DEBUG: unbinn_insert_into success, table=f0483c28b8996d310d992322565b58bf, rows=0x7f8c08000b8d
08-27 20:19:44.825 39977 40000 I DEBUG: TABLESPACE - log_rowset: rowset_len=2, rowset_size=54, rowset=0x7f8c08000b8d
08-27 20:19:44.829 39977 40000 I >>>>> 'STATUS'
08-27 20:19:44.829 39977 40000 I DEBUG: Handler returned err=1 (Operation successfully completed)
08-27 20:19:44.829 39977 39990 I DEBUG: TRLOG_APPLY - Loaded rowset: len=2, size=54, id=112, node_id=0
08-27 20:19:44.829 39977 39990 I DEBUG: TRLOG_APPLY - Calling mdv_rowdata_add_raw_rowset with rowid.node=0, rowid.id=112
08-27 20:19:44.829 39977 39990 I DEBUG: Individual insert - rowid=112, size=31, copied_ptr=0x7f8c28038b40, orig_ptr=0x7f8c1c00519b
08-27 20:19:44.831 39977 39990 I DEBUG: Individual insert - rowid=113, size=20, copied_ptr=0x7f8c1c001f70, orig_ptr=0x7f8c1c0051ba
08-27 20:19:44.870 39977 40000 I DEBUG: mdv_read_msg start, fd=40, msg=0x7f8c28000f30
08-27 20:19:44.871 39977 40000 I DEBUG: Header read - id=9, number=34, size=83
08-27 20:19:44.871 39977 40000 I DEBUG: Allocated payload 0x7f8c08000b70 for size 83
08-27 20:19:44.911 39977 40000 I DEBUG: mdv_read_msg start, fd=40, msg=0x7f8c28000f30
08-27 20:19:44.911 39977 40000 I DEBUG: Message read complete - id=9, size=83, payload=0x7f8c08000b70
08-27 20:19:44.911 39977 40000 I DEBUG: Message received - id=9, number=34, size=83, payload=0x7f8c08000b70
08-27 20:19:44.911 39977 40000 I DEBUG: Calling handler for message id=9
08-27 20:19:44.911 39977 40000 I <<<<< 'INSERT INTO'
08-27 20:19:44.911 39977 40000 I DEBUG: msg=0x7f8c28000f30, payload=0x7f8c08000b70, size=83
08-27 20:19:44.911 39977 40000 I DEBUG: binn_load successful
08-27 20:19:44.911 39977 40000 I DEBUG: unbinn_insert_into start, obj=0x7f8c300ed8d0, msg=0x7f8c300ed8b0
08-27 20:19:44.911 39977 40000 I DEBUG: unbinn_insert_into success, table=f0483c28b8996d310d992322565b58bf, rows=0x7f8c08000b8d
08-27 20:19:44.911 39977 40000 I DEBUG: TABLESPACE - log_rowset: rowset_len=2, rowset_size=54, rowset=0x7f8c08000b8d
08-27 20:19:44.916 39977 40000 I >>>>> 'STATUS'
08-27 20:19:44.916 39977 40000 I DEBUG: Handler returned err=1 (Operation successfully completed)
08-27 20:19:44.916 39977 39990 I DEBUG: TRLOG_APPLY - Loaded rowset: len=2, size=54, id=114, node_id=0
08-27 20:19:44.916 39977 39990 I DEBUG: TRLOG_APPLY - Calling mdv_rowdata_add_raw_rowset with rowid.node=0, rowid.id=114
08-27 20:19:44.916 39977 39990 I DEBUG: Individual insert - rowid=114, size=31, copied_ptr=0x7f8c28038b40, orig_ptr=0x7f8c1c000bdb
08-27 20:19:44.918 39977 39990 I DEBUG: Individual insert - rowid=115, size=20, copied_ptr=0x7f8c1c000c30, orig_ptr=0x7f8c1c000bfa
08-27 20:19:44.957 39977 40000 I DEBUG: mdv_read_msg start, fd=40, msg=0x7f8c28000f30
08-27 20:19:44.957 39977 40000 I DEBUG: Header read - id=9, number=35, size=83
08-27 20:19:44.957 39977 40000 I DEBUG: Allocated payload 0x7f8c08000b70 for size 83
08-27 20:19:44.998 39977 40000 I DEBUG: mdv_read_msg start, fd=40, msg=0x7f8c28000f30
08-27 20:19:44.999 39977 40000 I DEBUG: Message read complete - id=9, size=83, payload=0x7f8c08000b70
08-27 20:19:44.999 39977 40000 I DEBUG: Message received - id=9, number=35, size=83, payload=0x7f8c08000b70
08-27 20:19:44.999 39977 40000 I DEBUG: Calling handler for message id=9
08-27 20:19:44.999 39977 40000 I <<<<< 'INSERT INTO'
08-27 20:19:44.999 39977 40000 I DEBUG: msg=0x7f8c28000f30, payload=0x7f8c08000b70, size=83
08-27 20:19:44.999 39977 40000 I DEBUG: binn_load successful
08-27 20:19:44.999 39977 40000 I DEBUG: unbinn_insert_into start, obj=0x7f8c300ed8d0, msg=0x7f8c300ed8b0
08-27 20:19:44.999 39977 40000 I DEBUG: unbinn_insert_into success, table=f0483c28b8996d310d992322565b58bf, rows=0x7f8c08000b8d
08-27 20:19:44.999 39977 40000 I DEBUG: TABLESPACE - log_rowset: rowset_len=2, rowset_size=54, rowset=0x7f8c08000b8d
08-27 20:19:45.002 39977 40000 I >>>>> 'STATUS'
08-27 20:19:45.003 39977 40000 I DEBUG: Handler returned err=1 (Operation successfully completed)
08-27 20:19:45.003 39977 39990 I DEBUG: TRLOG_APPLY - Loaded rowset: len=2, size=54, id=116, node_id=0
08-27 20:19:45.003 39977 39990 I DEBUG: TRLOG_APPLY - Calling mdv_rowdata_add_raw_rowset with rowid.node=0, rowid.id=116
08-27 20:19:45.003 39977 39990 I DEBUG: Individual insert - rowid=116, size=31, copied_ptr=0x7f8c28038b40, orig_ptr=0x7f8c1c00519b
08-27 20:19:45.004 39977 39990 I DEBUG: Individual insert - rowid=117, size=20, copied_ptr=0x7f8c1c005110, orig_ptr=0x7f8c1c0051ba
08-27 20:19:45.044 39977 40000 I DEBUG: mdv_read_msg start, fd=40, msg=0x7f8c28000f30
08-27 20:19:45.045 39977 40000 I DEBUG: Header read - id=9, number=36, size=83
08-27 20:19:45.045 39977 40000 I DEBUG: Allocated payload 0x7f8c08000b70 for size 83
08-27 20:19:45.086 39977 40000 I DEBUG: mdv_read_msg start, fd=40, msg=0x7f8c28000f30
08-27 20:19:45.086 39977 40000 I DEBUG: Message read complete - id=9, size=83, payload=0x7f8c08000b70
08-27 20:19:45.086 39977 40000 I DEBUG: Message received - id=9, number=36, size=83, payload=0x7f8c08000b70
08-27 20:19:45.086 39977 40000 I DEBUG: Calling handler for message id=9
08-27 20:19:45.086 39977 40000 I <<<<< 'INSERT INTO'
08-27 20:19:45.086 39977 40000 I DEBUG: msg=0x7f8c28000f30, payload=0x7f8c08000b70, size=83
08-27 20:19:45.086 39977 40000 I DEBUG: binn_load successful
08-27 20:19:45.086 39977 40000 I DEBUG: unbinn_insert_into start, obj=0x7f8c300ed8d0, msg=0x7f8c300ed8b0
08-27 20:19:45.086 39977 40000 I DEBUG: unbinn_insert_into success, table=f0483c28b8996d310d992322565b58bf, rows=0x7f8c08000b8d
08-27 20:19:45.086 39977 40000 I DEBUG: TABLESPACE - log_rowset: rowset_len=2, rowset_size=54, rowset=0x7f8c08000b8d
08-27 20:19:45.090 39977 40000 I >>>>> 'STATUS'
08-27 20:19:45.090 39977 40000 I DEBUG: Handler returned err=1 (Operation successfully completed)
08-27 20:19:45.091 39977 39990 I DEBUG: TRLOG_APPLY - Loaded rowset: len=2, size=54, id=118, node_id=0
08-27 20:19:45.091 39977 39990 I DEBUG: TRLOG_APPLY - Calling mdv_rowdata_add_raw_rowset with rowid.node=0, rowid.id=118
08-27 20:19:45.091 39977 39990 I DEBUG: Individual insert - rowid=118, size=31, copied_ptr=0x7f8c28038b40, orig_ptr=0x7f8c1c000bdb
08-27 20:19:45.092 39977 39990 I DEBUG: Individual insert - rowid=119, size=20, copied_ptr=0x7f8c1c001f70, orig_ptr=0x7f8c1c000bfa
08-27 20:19:45.132 39977 40000 I DEBUG: mdv_read_msg start, fd=40, msg=0x7f8c28000f30
08-27 20:19:45.132 39977 40000 I DEBUG: Header read - id=10, number=37, size=37
08-27 20:19:45.132 39977 40000 I DEBUG: Allocated payload 0x7f8c08000fe0 for size 37
08-27 20:19:45.174 39977 40000 I DEBUG: mdv_read_msg start, fd=40, msg=0x7f8c28000f30
08-27 20:19:45.174 39977 40000 I DEBUG: Message read complete - id=10, size=37, payload=0x7f8c08000fe0
08-27 20:19:45.174 39977 40000 I DEBUG: Message received - id=10, number=37, size=37, payload=0x7f8c08000fe0
08-27 20:19:45.174 39977 40000 I DEBUG: Calling handler for message id=10
08-27 20:19:45.174 39977 40000 I <<<<< 'SELECT'
08-27 20:19:45.174 39977 40000 I DEBUG: msg=0x7f8c28000f30, payload=0x7f8c08000fe0, size=37
08-27 20:19:45.174 39977 40000 I DEBUG: binn_load successful
08-27 20:19:45.174 39977 40000 I DEBUG: unbinn_select start, obj=0x7f8c300ed8c0, msg=0x7f8c300ed8a0
08-27 20:19:45.174 39977 40000 I DEBUG: unbinn_select parsing fields, fields=0x7f8c08000ffd
08-27 20:19:45.174 39977 40000 I DEBUG: unbinn_select success, table=f0483c28b8996d310d992322565b58bf, filter=
08-27 20:19:45.174 39977 40000 I DEBUG: Handler returned err=1 (Operation successfully completed)
08-27 20:19:45.174 39977 39980 I >>>>> 'VIEW'
08-27 20:19:45.216 39977 40000 I DEBUG: mdv_read_msg start, fd=40, msg=0x7f8c28000f30
08-27 20:19:45.216 39977 40000 I DEBUG: Header read - id=12, number=38, size=7
08-27 20:19:45.216 39977 40000 I DEBUG: Allocated payload 0x7f8c08000d90 for size 7
08-27 20:19:45.257 39977 40000 I DEBUG: mdv_read_msg start, fd=40, msg=0x7f8c28000f30
08-27 20:19:45.257 39977 40000 I DEBUG: Message read complete - id=12, size=7, payload=0x7f8c08000d90
08-27 20:19:45.257 39977 40000 I DEBUG: Message received - id=12, number=38, size=7, payload=0x7f8c08000d90
08-27 20:19:45.257 39977 40000 I DEBUG: Calling handler for message id=12
08-27 20:19:45.257 39977 40000 I <<<<< 'FETCH'
08-27 20:19:45.257 39977 40000 I DEBUG: msg=0x7f8c28000f30, payload=0x7f8c08000d90, size=7
08-27 20:19:45.257 39977 40000 I DEBUG: binn_load successful
08-27 20:19:45.257 39977 40000 I DEBUG: unbinn_fetch start, obj=0x7f8c300ed8d0, msg=0x7f8c300ed8bc
08-27 20:19:45.257 39977 40000 I DEBUG: unbinn_fetch success, id=0
08-27 20:19:45.257 39977 40000 I DEBUG: Handler returned err=1 (Operation successfully completed)
08-27 20:19:45.258 39977 39994 I DEBUG: mdv_rowdata_slice_impl called with fields=(nil), table_desc->size=3
08-27 20:19:45.258 39977 39994 I DEBUG: No field mask provided, selecting all fields
08-27 20:19:45.258 39977 39994 I DEBUG: LMDB entry - size=27, binn_list_len=3, binn_ptr=0x7f8c3142efe4
08-27 20:19:45.258 39977 39994 I DEBUG: Blob field 0: blob_size=9, running_total=9
08-27 20:19:45.258 39977 39994 I DEBUG: Array field 1: type_size=4, array_len=1, total_size=4
08-27 20:19:45.258 39977 39994 I DEBUG: Array field 2: type_size=8, array_len=1, total_size=8
08-27 20:19:45.258 39977 39994 I DEBUG: Final calculated row_size=125 (data_size=37 + overhead=88)
08-27 20:19:45.258 39977 39994 I DEBUG: Calculated row_size=125, fields_count=3, table_desc->size=3
08-27 20:19:45.258 39977 39994 I DEBUG: Client deserializing row: list_len=3, fields_count=3, table_desc->size=3
08-27 20:19:45.258 39977 39994 I DEBUG: Row allocation - entry=0x7f8c04000f30, row_size=125, dataspace_start=0x7f8c04000f88, dataspace_end=0x7f8c04000fad
08-27 20:19:45.258 39977 39994 I DEBUG: binn_ptr returned 0x7f8c3142efe9 for field 0, blob_size=9, binn_value=0x7f8c306f3790, binn_row=0x7f8c306f38c0
08-27 20:19:45.258 39977 39994 I DEBUG: Copied 9 bytes from 0x7f8c3142efe9 to 0x7f8c04000f88, field_ptr=0x7f8c04000f88
08-27 20:19:45.258 39977 39994 I DEBUG: Deserialized blob field 0: ptr=0x7f8c04000f88, size=9, dataspace_before=0x7f8c04000f91, dataspace_after=0x7f8c04000f9a, remaining=19
08-27 20:19:45.258 39977 39994 I DEBUG: Size mismatch (expected): entry=0x7f8c04000f30, actual=109, expected=125
08-27 20:19:45.258 39977 39994 I DEBUG: Row deserialized successfully, skipping validation for now
08-27 20:19:45.258 39977 39994 I DEBUG: Emplacing row entry=0x7f8c04000f30
08-27 20:19:45.258 39977 39994 I DEBUG: Field 0: ptr=0x7f8c04000f88, size=9
08-27 20:19:45.258 39977 39994 I DEBUG: Field 1: ptr=0x7f8c04000f91, size=4
08-27 20:19:45.258 39977 39994 I DEBUG: Field 2: ptr=0x7f8c04000f95, size=8
08-27 20:19:45.258 39977 39994 I DEBUG: LMDB entry - size=20, binn_list_len=0, binn_ptr=0x7f8c3142efbc
08-27 20:19:45.258 39977 39994 I DEBUG: Final calculated row_size=56 (data_size=16 + overhead=40)
08-27 20:19:45.258 39977 39994 I DEBUG: Calculated row_size=56, fields_count=0, table_desc->size=3
08-27 20:19:45.258 39977 39994 I DEBUG: Client deserializing row: list_len=0, fields_count=0, table_desc->size=3
08-27 20:19:45.258 39977 39994 I DEBUG: Skipping empty row (list_len=0, fields_count=0)
08-27 20:19:45.258 39977 39994 E Invalid serialized row
08-27 20:19:45.258 39977 39994 I DEBUG: Returning row from enumerator: entry=0x7f8c04000f30, row=0x7f8c04000f58
08-27 20:19:45.258 39977 39994 I DEBUG: Retrieved field 0: ptr=0x7f8c04000f88, size=9
08-27 20:19:45.258 39977 39994 I DEBUG: Retrieved field 1: ptr=0x7f8c04000f91, size=4
08-27 20:19:45.258 39977 39994 I DEBUG: Serializing row (table schema has 3 fields)
08-27 20:19:45.258 39977 39994 I DEBUG: binn_list_add_blob field 0: ptr=0x7f8c04000f88, size=9, row=0x7f8c04000f58
08-27 20:19:45.258 39977 39994 I DEBUG: Successfully serialized and added row to rowset
08-27 20:19:45.258 39977 39994 I >>>>> 'ROWSET'
08-27 20:19:45.300 39977 40000 I DEBUG: mdv_read_msg start, fd=40, msg=0x7f8c28000f30
08-27 20:19:45.300 39977 40000 I DEBUG: Header read - id=12, number=39, size=7
08-27 20:19:45.300 39977 40000 I DEBUG: Allocated payload 0x7f8c08000d90 for size 7
08-27 20:19:45.341 39977 40000 I DEBUG: mdv_read_msg start, fd=40, msg=0x7f8c28000f30
08-27 20:19:45.341 39977 40000 I DEBUG: Message read complete - id=12, size=7, payload=0x7f8c08000d90
08-27 20:19:45.341 39977 40000 I DEBUG: Message received - id=12, number=39, size=7, payload=0x7f8c08000d90
08-27 20:19:45.341 39977 40000 I DEBUG: Calling handler for message id=12
08-27 20:19:45.341 39977 40000 I <<<<< 'FETCH'
08-27 20:19:45.341 39977 40000 I DEBUG: msg=0x7f8c28000f30, payload=0x7f8c08000d90, size=7
08-27 20:19:45.341 39977 40000 I DEBUG: binn_load successful
08-27 20:19:45.341 39977 40000 I DEBUG: unbinn_fetch start, obj=0x7f8c300ed8d0, msg=0x7f8c300ed8bc
08-27 20:19:45.341 39977 40000 I DEBUG: unbinn_fetch success, id=0
08-27 20:19:45.341 39977 40000 I DEBUG: Handler returned err=1 (Operation successfully completed)
08-27 20:19:45.341 39977 39994 I DEBUG: mdv_rowdata_slice_impl called with fields=(nil), table_desc->size=3
08-27 20:19:45.341 39977 39994 I DEBUG: No field mask provided, selecting all fields
08-27 20:19:45.341 39977 39994 I DEBUG: LMDB entry - size=20, binn_list_len=0, binn_ptr=0x7f8c3142efbc
08-27 20:19:45.341 39977 39994 I DEBUG: Final calculated row_size=56 (data_size=16 + overhead=40)
08-27 20:19:45.341 39977 39994 I DEBUG: Calculated row_size=56, fields_count=0, table_desc->size=3
08-27 20:19:45.341 39977 39994 I DEBUG: Client deserializing row: list_len=0, fields_count=0, table_desc->size=3
08-27 20:19:45.341 39977 39994 I DEBUG: Skipping empty row (list_len=0, fields_count=0)
08-27 20:19:45.341 39977 39994 E Invalid serialized row
08-27 20:19:45.341 39977 39994 I >>>>> 'ROWSET'
08-27 20:19:45.384 39977 40000 I DEBUG: mdv_read_msg start, fd=40, msg=0x7f8c28000f30
08-27 20:19:45.384 39977 40000 I DEBUG: Header read - id=10, number=40, size=37
08-27 20:19:45.384 39977 40000 I DEBUG: Allocated payload 0x7f8c08000fe0 for size 37
08-27 20:19:45.425 39977 40000 I DEBUG: mdv_read_msg start, fd=40, msg=0x7f8c28000f30
08-27 20:19:45.425 39977 40000 I DEBUG: Message read complete - id=10, size=37, payload=0x7f8c08000fe0
08-27 20:19:45.425 39977 40000 I DEBUG: Message received - id=10, number=40, size=37, payload=0x7f8c08000fe0
08-27 20:19:45.425 39977 40000 I DEBUG: Calling handler for message id=10
08-27 20:19:45.425 39977 40000 I <<<<< 'SELECT'
08-27 20:19:45.425 39977 40000 I DEBUG: msg=0x7f8c28000f30, payload=0x7f8c08000fe0, size=37
08-27 20:19:45.425 39977 40000 I DEBUG: binn_load successful
08-27 20:19:45.425 39977 40000 I DEBUG: unbinn_select start, obj=0x7f8c300ed8c0, msg=0x7f8c300ed8a0
08-27 20:19:45.425 39977 40000 I DEBUG: unbinn_select parsing fields, fields=0x7f8c08000ffd
08-27 20:19:45.425 39977 40000 I DEBUG: unbinn_select success, table=f0483c28b8996d310d992322565b58bf, filter=
08-27 20:19:45.425 39977 40000 I DEBUG: Handler returned err=1 (Operation successfully completed)
08-27 20:19:45.425 39977 39980 I >>>>> 'VIEW'
08-27 20:19:45.467 39977 40000 I DEBUG: mdv_read_msg start, fd=40, msg=0x7f8c28000f30
08-27 20:19:45.467 39977 40000 I DEBUG: Header read - id=12, number=41, size=7
08-27 20:19:45.467 39977 40000 I DEBUG: Allocated payload 0x7f8c08000d90 for size 7
08-27 20:19:45.507 39977 40000 I DEBUG: mdv_read_msg start, fd=40, msg=0x7f8c28000f30
08-27 20:19:45.508 39977 40000 I DEBUG: Message read complete - id=12, size=7, payload=0x7f8c08000d90
08-27 20:19:45.508 39977 40000 I DEBUG: Message received - id=12, number=41, size=7, payload=0x7f8c08000d90
08-27 20:19:45.508 39977 40000 I DEBUG: Calling handler for message id=12
08-27 20:19:45.508 39977 40000 I <<<<< 'FETCH'
08-27 20:19:45.508 39977 40000 I DEBUG: msg=0x7f8c28000f30, payload=0x7f8c08000d90, size=7
08-27 20:19:45.508 39977 40000 I DEBUG: binn_load successful
08-27 20:19:45.508 39977 40000 I DEBUG: unbinn_fetch start, obj=0x7f8c300ed8d0, msg=0x7f8c300ed8bc
08-27 20:19:45.508 39977 40000 I DEBUG: unbinn_fetch success, id=1
08-27 20:19:45.508 39977 40000 I DEBUG: Handler returned err=1 (Operation successfully completed)
08-27 20:19:45.508 39977 39994 I DEBUG: mdv_rowdata_slice_impl called with fields=(nil), table_desc->size=3
08-27 20:19:45.508 39977 39994 I DEBUG: No field mask provided, selecting all fields
08-27 20:19:45.508 39977 39994 I DEBUG: LMDB entry - size=27, binn_list_len=3, binn_ptr=0x7f8c3142efe4
08-27 20:19:45.508 39977 39994 I DEBUG: Blob field 0: blob_size=9, running_total=9
08-27 20:19:45.508 39977 39994 I DEBUG: Array field 1: type_size=4, array_len=1, total_size=4
08-27 20:19:45.508 39977 39994 I DEBUG: Array field 2: type_size=8, array_len=1, total_size=8
08-27 20:19:45.508 39977 39994 I DEBUG: Final calculated row_size=125 (data_size=37 + overhead=88)
08-27 20:19:45.508 39977 39994 I DEBUG: Calculated row_size=125, fields_count=3, table_desc->size=3
08-27 20:19:45.508 39977 39994 I DEBUG: Client deserializing row: list_len=3, fields_count=3, table_desc->size=3
08-27 20:19:45.508 39977 39994 I DEBUG: Row allocation - entry=0x7f8c04000f30, row_size=125, dataspace_start=0x7f8c04000f88, dataspace_end=0x7f8c04000fad
08-27 20:19:45.509 39977 39994 I DEBUG: binn_ptr returned 0x7f8c3142efe9 for field 0, blob_size=9, binn_value=0x7f8c306f3790, binn_row=0x7f8c306f38c0
08-27 20:19:45.509 39977 39994 I DEBUG: Copied 9 bytes from 0x7f8c3142efe9 to 0x7f8c04000f88, field_ptr=0x7f8c04000f88
08-27 20:19:45.509 39977 39994 I DEBUG: Deserialized blob field 0: ptr=0x7f8c04000f88, size=9, dataspace_before=0x7f8c04000f91, dataspace_after=0x7f8c04000f9a, remaining=19
08-27 20:19:45.509 39977 39994 I DEBUG: Size mismatch (expected): entry=0x7f8c04000f30, actual=109, expected=125
08-27 20:19:45.509 39977 39994 I DEBUG: Row deserialized successfully, skipping validation for now
08-27 20:19:45.509 39977 39994 I DEBUG: Emplacing row entry=0x7f8c04000f30
08-27 20:19:45.509 39977 39994 I DEBUG: Field 0: ptr=0x7f8c04000f88, size=9
08-27 20:19:45.509 39977 39994 I DEBUG: Field 1: ptr=0x7f8c04000f91, size=4
08-27 20:19:45.509 39977 39994 I DEBUG: Field 2: ptr=0x7f8c04000f95, size=8
08-27 20:19:45.509 39977 39994 I DEBUG: LMDB entry - size=20, binn_list_len=0, binn_ptr=0x7f8c3142efbc
08-27 20:19:45.509 39977 39994 I DEBUG: Final calculated row_size=56 (data_size=16 + overhead=40)
08-27 20:19:45.509 39977 39994 I DEBUG: Calculated row_size=56, fields_count=0, table_desc->size=3
08-27 20:19:45.509 39977 39994 I DEBUG: Client deserializing row: list_len=0, fields_count=0, table_desc->size=3
08-27 20:19:45.509 39977 39994 I DEBUG: Skipping empty row (list_len=0, fields_count=0)
08-27 20:19:45.509 39977 39994 E Invalid serialized row
08-27 20:19:45.509 39977 39994 I DEBUG: Returning row from enumerator: entry=0x7f8c04000f30, row=0x7f8c04000f58
08-27 20:19:45.509 39977 39994 I DEBUG: Retrieved field 0: ptr=0x7f8c04000f88, size=9
08-27 20:19:45.509 39977 39994 I DEBUG: Retrieved field 1: ptr=0x7f8c04000f91, size=4
08-27 20:19:45.509 39977 39994 I DEBUG: Serializing row (table schema has 3 fields)
08-27 20:19:45.509 39977 39994 I DEBUG: binn_list_add_blob field 0: ptr=0x7f8c04000f88, size=9, row=0x7f8c04000f58
08-27 20:19:45.509 39977 39994 I DEBUG: Successfully serialized and added row to rowset
08-27 20:19:45.509 39977 39994 I >>>>> 'ROWSET'
08-27 20:19:45.552 39977 40000 I DEBUG: mdv_read_msg start, fd=40, msg=0x7f8c28000f30
08-27 20:19:45.552 39977 40000 I Peer 0x28 disconnected
